  Determining projects to restore...
  All projects are up-to-date for restore.
C:\Program Files\dotnet\sdk\10.0.103\Microsoft.Common.CurrentVersion.targets(5381,5): warning MSB3026: Could not copy "C:\Work\LMS\LMS-API\LMS.Api\obj\Debug\net10.0\apphost.exe" to "bin\Debug\net10.0\LMS.Api.exe". Beginning retry 1 in 1000ms. The process cannot access the file 'C:\Work\LMS\LMS-API\LMS.Api\bin\Debug\net10.0\LMS.Api.exe' because it is being used by another process. The file is locked by: "LMS.Api (28940)" [C:\Work\LMS\LMS-API\LMS.Api\LMS.Api.csproj]
C:\Program Files\dotnet\sdk\10.0.103\Microsoft.Common.CurrentVersion.targets(5381,5): warning MSB3026: Could not copy "C:\Work\LMS\LMS-API\LMS.Api\obj\Debug\net10.0\apphost.exe" to "bin\Debug\net10.0\LMS.Api.exe". Beginning retry 2 in 1000ms. The process cannot access the file 'C:\Work\LMS\LMS-API\LMS.Api\bin\Debug\net10.0\LMS.Api.exe' because it is being used by another process. The file is locked by: "LMS.Api (28940)" [C:\Work\LMS\LMS-API\LMS.Api\LMS.Api.csproj]
C:\Program Files\dotnet\sdk\10.0.103\Microsoft.Common.CurrentVersion.targets(5381,5): warning MSB3026: Could not copy "C:\Work\LMS\LMS-API\LMS.Api\obj\Debug\net10.0\apphost.exe" to "bin\Debug\net10.0\LMS.Api.exe". Beginning retry 3 in 1000ms. The process cannot access the file 'C:\Work\LMS\LMS-API\LMS.Api\bin\Debug\net10.0\LMS.Api.exe' because it is being used by another process. The file is locked by: "LMS.Api (28940)" [C:\Work\LMS\LMS-API\LMS.Api\LMS.Api.csproj]
C:\Program Files\dotnet\sdk\10.0.103\Microsoft.Common.CurrentVersion.targets(5381,5): warning MSB3026: Could not copy "C:\Work\LMS\LMS-API\LMS.Api\obj\Debug\net10.0\apphost.exe" to "bin\Debug\net10.0\LMS.Api.exe". Beginning retry 4 in 1000ms. The process cannot access the file 'C:\Work\LMS\LMS-API\LMS.Api\bin\Debug\net10.0\LMS.Api.exe' because it is being used by another process. The file is locked by: "LMS.Api (28940)" [C:\Work\LMS\LMS-API\LMS.Api\LMS.Api.csproj]
C:\Program Files\dotnet\sdk\10.0.103\Microsoft.Common.CurrentVersion.targets(5381,5): warning MSB3026: Could not copy "C:\Work\LMS\LMS-API\LMS.Api\obj\Debug\net10.0\apphost.exe" to "bin\Debug\net10.0\LMS.Api.exe". Beginning retry 5 in 1000ms. The process cannot access the file 'C:\Work\LMS\LMS-API\LMS.Api\bin\Debug\net10.0\LMS.Api.exe' because it is being used by another process. The file is locked by: "LMS.Api (28940)" [C:\Work\LMS\LMS-API\LMS.Api\LMS.Api.csproj]
C:\Program Files\dotnet\sdk\10.0.103\Microsoft.Common.CurrentVersion.targets(5381,5): warning MSB3026: Could not copy "C:\Work\LMS\LMS-API\LMS.Api\obj\Debug\net10.0\apphost.exe" to "bin\Debug\net10.0\LMS.Api.exe". Beginning retry 6 in 1000ms. The process cannot access the file 'C:\Work\LMS\LMS-API\LMS.Api\bin\Debug\net10.0\LMS.Api.exe' because it is being used by another process. The file is locked by: "LMS.Api (28940)" [C:\Work\LMS\LMS-API\LMS.Api\LMS.Api.csproj]
C:\Program Files\dotnet\sdk\10.0.103\Microsoft.Common.CurrentVersion.targets(5381,5): warning MSB3026: Could not copy "C:\Work\LMS\LMS-API\LMS.Api\obj\Debug\net10.0\apphost.exe" to "bin\Debug\net10.0\LMS.Api.exe". Beginning retry 7 in 1000ms. The process cannot access the file 'C:\Work\LMS\LMS-API\LMS.Api\bin\Debug\net10.0\LMS.Api.exe' because it is being used by another process. The file is locked by: "LMS.Api (28940)" [C:\Work\LMS\LMS-API\LMS.Api\LMS.Api.csproj]
C:\Program Files\dotnet\sdk\10.0.103\Microsoft.Common.CurrentVersion.targets(5381,5): warning MSB3026: Could not copy "C:\Work\LMS\LMS-API\LMS.Api\obj\Debug\net10.0\apphost.exe" to "bin\Debug\net10.0\LMS.Api.exe". Beginning retry 8 in 1000ms. The process cannot access the file 'C:\Work\LMS\LMS-API\LMS.Api\bin\Debug\net10.0\LMS.Api.exe' because it is being used by another process. The file is locked by: "LMS.Api (28940)" [C:\Work\LMS\LMS-API\LMS.Api\LMS.Api.csproj]
C:\Program Files\dotnet\sdk\10.0.103\Microsoft.Common.CurrentVersion.targets(5381,5): warning MSB3026: Could not copy "C:\Work\LMS\LMS-API\LMS.Api\obj\Debug\net10.0\apphost.exe" to "bin\Debug\net10.0\LMS.Api.exe". Beginning retry 9 in 1000ms. The process cannot access the file 'C:\Work\LMS\LMS-API\LMS.Api\bin\Debug\net10.0\LMS.Api.exe' because it is being used by another process. The file is locked by: "LMS.Api (28940)" [C:\Work\LMS\LMS-API\LMS.Api\LMS.Api.csproj]
C:\Program Files\dotnet\sdk\10.0.103\Microsoft.Common.CurrentVersion.targets(5381,5): warning MSB3026: Could not copy "C:\Work\LMS\LMS-API\LMS.Api\obj\Debug\net10.0\apphost.exe" to "bin\Debug\net10.0\LMS.Api.exe". Beginning retry 10 in 1000ms. The process cannot access the file 'C:\Work\LMS\LMS-API\LMS.Api\bin\Debug\net10.0\LMS.Api.exe' because it is being used by another process. The file is locked by: "LMS.Api (28940)" [C:\Work\LMS\LMS-API\LMS.Api\LMS.Api.csproj]
C:\Program Files\dotnet\sdk\10.0.103\Microsoft.Common.CurrentVersion.targets(5381,5): error MSB3027: Could not copy "C:\Work\LMS\LMS-API\LMS.Api\obj\Debug\net10.0\apphost.exe" to "bin\Debug\net10.0\LMS.Api.exe". Exceeded retry count of 10. Failed. The file is locked by: "LMS.Api (28940)" [C:\Work\LMS\LMS-API\LMS.Api\LMS.Api.csproj]
C:\Program Files\dotnet\sdk\10.0.103\Microsoft.Common.CurrentVersion.targets(5381,5): error MSB3021: Unable to copy file "C:\Work\LMS\LMS-API\LMS.Api\obj\Debug\net10.0\apphost.exe" to "bin\Debug\net10.0\LMS.Api.exe". The process cannot access the file 'C:\Work\LMS\LMS-API\LMS.Api\bin\Debug\net10.0\LMS.Api.exe' because it is being used by another process. [C:\Work\LMS\LMS-API\LMS.Api\LMS.Api.csproj]

Build FAILED.

C:\Program Files\dotnet\sdk\10.0.103\Microsoft.Common.CurrentVersion.targets(5381,5): warning MSB3026: Could not copy "C:\Work\LMS\LMS-API\LMS.Api\obj\Debug\net10.0\apphost.exe" to "bin\Debug\net10.0\LMS.Api.exe". Beginning retry 1 in 1000ms. The process cannot access the file 'C:\Work\LMS\LMS-API\LMS.Api\bin\Debug\net10.0\LMS.Api.exe' because it is being used by another process. The file is locked by: "LMS.Api (28940)" [C:\Work\LMS\LMS-API\LMS.Api\LMS.Api.csproj]
C:\Program Files\dotnet\sdk\10.0.103\Microsoft.Common.CurrentVersion.targets(5381,5): warning MSB3026: Could not copy "C:\Work\LMS\LMS-API\LMS.Api\obj\Debug\net10.0\apphost.exe" to "bin\Debug\net10.0\LMS.Api.exe". Beginning retry 2 in 1000ms. The process cannot access the file 'C:\Work\LMS\LMS-API\LMS.Api\bin\Debug\net10.0\LMS.Api.exe' because it is being used by another process. The file is locked by: "LMS.Api (28940)" [C:\Work\LMS\LMS-API\LMS.Api\LMS.Api.csproj]
C:\Program Files\dotnet\sdk\10.0.103\Microsoft.Common.CurrentVersion.targets(5381,5): warning MSB3026: Could not copy "C:\Work\LMS\LMS-API\LMS.Api\obj\Debug\net10.0\apphost.exe" to "bin\Debug\net10.0\LMS.Api.exe". Beginning retry 3 in 1000ms. The process cannot access the file 'C:\Work\LMS\LMS-API\LMS.Api\bin\Debug\net10.0\LMS.Api.exe' because it is being used by another process. The file is locked by: "LMS.Api (28940)" [C:\Work\LMS\LMS-API\LMS.Api\LMS.Api.csproj]
C:\Program Files\dotnet\sdk\10.0.103\Microsoft.Common.CurrentVersion.targets(5381,5): warning MSB3026: Could not copy "C:\Work\LMS\LMS-API\LMS.Api\obj\Debug\net10.0\apphost.exe" to "bin\Debug\net10.0\LMS.Api.exe". Beginning retry 4 in 1000ms. The process cannot access the file 'C:\Work\LMS\LMS-API\LMS.Api\bin\Debug\net10.0\LMS.Api.exe' because it is being used by another process. The file is locked by: "LMS.Api (28940)" [C:\Work\LMS\LMS-API\LMS.Api\LMS.Api.csproj]
C:\Program Files\dotnet\sdk\10.0.103\Microsoft.Common.CurrentVersion.targets(5381,5): warning MSB3026: Could not copy "C:\Work\LMS\LMS-API\LMS.Api\obj\Debug\net10.0\apphost.exe" to "bin\Debug\net10.0\LMS.Api.exe". Beginning retry 5 in 1000ms. The process cannot access the file 'C:\Work\LMS\LMS-API\LMS.Api\bin\Debug\net10.0\LMS.Api.exe' because it is being used by another process. The file is locked by: "LMS.Api (28940)" [C:\Work\LMS\LMS-API\LMS.Api\LMS.Api.csproj]
C:\Program Files\dotnet\sdk\10.0.103\Microsoft.Common.CurrentVersion.targets(5381,5): warning MSB3026: Could not copy "C:\Work\LMS\LMS-API\LMS.Api\obj\Debug\net10.0\apphost.exe" to "bin\Debug\net10.0\LMS.Api.exe". Beginning retry 6 in 1000ms. The process cannot access the file 'C:\Work\LMS\LMS-API\LMS.Api\bin\Debug\net10.0\LMS.Api.exe' because it is being used by another process. The file is locked by: "LMS.Api (28940)" [C:\Work\LMS\LMS-API\LMS.Api\LMS.Api.csproj]
C:\Program Files\dotnet\sdk\10.0.103\Microsoft.Common.CurrentVersion.targets(5381,5): warning MSB3026: Could not copy "C:\Work\LMS\LMS-API\LMS.Api\obj\Debug\net10.0\apphost.exe" to "bin\Debug\net10.0\LMS.Api.exe". Beginning retry 7 in 1000ms. The process cannot access the file 'C:\Work\LMS\LMS-API\LMS.Api\bin\Debug\net10.0\LMS.Api.exe' because it is being used by another process. The file is locked by: "LMS.Api (28940)" [C:\Work\LMS\LMS-API\LMS.Api\LMS.Api.csproj]
C:\Program Files\dotnet\sdk\10.0.103\Microsoft.Common.CurrentVersion.targets(5381,5): warning MSB3026: Could not copy "C:\Work\LMS\LMS-API\LMS.Api\obj\Debug\net10.0\apphost.exe" to "bin\Debug\net10.0\LMS.Api.exe". Beginning retry 8 in 1000ms. The process cannot access the file 'C:\Work\LMS\LMS-API\LMS.Api\bin\Debug\net10.0\LMS.Api.exe' because it is being used by another process. The file is locked by: "LMS.Api (28940)" [C:\Work\LMS\LMS-API\LMS.Api\LMS.Api.csproj]
C:\Program Files\dotnet\sdk\10.0.103\Microsoft.Common.CurrentVersion.targets(5381,5): warning MSB3026: Could not copy "C:\Work\LMS\LMS-API\LMS.Api\obj\Debug\net10.0\apphost.exe" to "bin\Debug\net10.0\LMS.Api.exe". Beginning retry 9 in 1000ms. The process cannot access the file 'C:\Work\LMS\LMS-API\LMS.Api\bin\Debug\net10.0\LMS.Api.exe' because it is being used by another process. The file is locked by: "LMS.Api (28940)" [C:\Work\LMS\LMS-API\LMS.Api\LMS.Api.csproj]
C:\Program Files\dotnet\sdk\10.0.103\Microsoft.Common.CurrentVersion.targets(5381,5): warning MSB3026: Could not copy "C:\Work\LMS\LMS-API\LMS.Api\obj\Debug\net10.0\apphost.exe" to "bin\Debug\net10.0\LMS.Api.exe". Beginning retry 10 in 1000ms. The process cannot access the file 'C:\Work\LMS\LMS-API\LMS.Api\bin\Debug\net10.0\LMS.Api.exe' because it is being used by another process. The file is locked by: "LMS.Api (28940)" [C:\Work\LMS\LMS-API\LMS.Api\LMS.Api.csproj]
C:\Program Files\dotnet\sdk\10.0.103\Microsoft.Common.CurrentVersion.targets(5381,5): error MSB3027: Could not copy "C:\Work\LMS\LMS-API\LMS.Api\obj\Debug\net10.0\apphost.exe" to "bin\Debug\net10.0\LMS.Api.exe". Exceeded retry count of 10. Failed. The file is locked by: "LMS.Api (28940)" [C:\Work\LMS\LMS-API\LMS.Api\LMS.Api.csproj]
C:\Program Files\dotnet\sdk\10.0.103\Microsoft.Common.CurrentVersion.targets(5381,5): error MSB3021: Unable to copy file "C:\Work\LMS\LMS-API\LMS.Api\obj\Debug\net10.0\apphost.exe" to "bin\Debug\net10.0\LMS.Api.exe". The process cannot access the file 'C:\Work\LMS\LMS-API\LMS.Api\bin\Debug\net10.0\LMS.Api.exe' because it is being used by another process. [C:\Work\LMS\LMS-API\LMS.Api\LMS.Api.csproj]
    10 Warning(s)
    2 Error(s)

Time Elapsed 00:00:16.06
