2026-06-22 13:25:01.325 +01:00 [INF] Sessions already seeded. Skipping.
2026-06-22 13:25:01.354 +01:00 [INF] Faculties already seeded. Skipping.
2026-06-22 13:25:01.366 +01:00 [INF] Departments already seeded. Skipping.
2026-06-22 13:25:01.381 +01:00 [INF] Programs already seeded. Skipping.
2026-06-22 13:25:01.431 +01:00 [INF] Lecturer john.doe@wigweuniversity.edu.ng already exists. Skipping.
2026-06-22 13:25:01.435 +01:00 [INF] Lecturer jane.smith@wigweuniversity.edu.ng already exists. Skipping.
2026-06-22 13:25:01.458 +01:00 [INF] All document types already exist. Skipping.
2026-06-22 13:25:01.470 +01:00 [INF] Sponsors already seeded. Skipping.
2026-06-22 13:25:01.481 +01:00 [INF] Subjects already seeded. Skipping.
2026-06-22 13:25:01.493 +01:00 [INF] Countries already seeded. Skipping.
2026-06-22 13:25:01.504 +01:00 [INF] Grading scales already seeded. Skipping.
2026-06-22 13:25:01.516 +01:00 [INF] Credit transfer rules already seeded. Skipping.
2026-06-22 13:25:01.529 +01:00 [INF] Program credit mappings already seeded. Skipping.
2026-06-22 13:25:01.529 +01:00 [INF] Database initialization completed successfully.
2026-06-22 13:25:01.595 +01:00 [INF] Initializing Entra ID Service with TenantId: c9a98a3d-152f-4eb3-b93f-9b26fdd08495, ClientId: 84022968-6bdc-4c6b-8eab-57b75fa5d0b1, Domain: wigweuniversity.edu.ng
2026-06-22 13:25:01.621 +01:00 [INF] Entra ID Service initialized successfully
2026-06-22 13:25:01.708 +01:00 [WRN] VAPID Keys not fully configured. Using auto-generated fallback keys. PUBLIC KEY: BKoImD5aBsjb6CxUIne-QhYJZGIFMZJJXpyufgq_kO2wqj8vzjiKfbtFAb7FNqMWujfFFjsdUr6ScI8b6fKX3ZQ
2026-06-22 13:25:01.775 +01:00 [INF] Registered 310 endpoints in 2,042 milliseconds.
2026-06-22 13:25:01.808 +01:00 [INF] Now listening on: http://localhost:5021
2026-06-22 13:25:01.808 +01:00 [INF] Application started. Press Ctrl+C to shut down.
2026-06-22 13:25:01.808 +01:00 [INF] Hosting environment: Development
2026-06-22 13:25:01.808 +01:00 [INF] Content root path: /Users/mac/Apps/LMS APP/LMSApi
2026-06-22 13:27:14.053 +01:00 [INF] HTTP OPTIONS /api/me responded 204 in 1.8739 ms
2026-06-22 13:27:16.110 +01:00 [INF] HTTP GET /api/me responded 200 in 2046.8939 ms
2026-06-22 13:27:16.136 +01:00 [INF] HTTP OPTIONS /api/admin/dashboard-stats responded 204 in 0.3175 ms
2026-06-22 13:27:16.162 +01:00 [INF] HTTP OPTIONS /api/notifications/push/public-key responded 204 in 0.0582 ms
2026-06-22 13:27:16.201 +01:00 [WRN] VAPID Keys not fully configured. Using auto-generated fallback keys. PUBLIC KEY: BKoImD5aBsjb6CxUIne-QhYJZGIFMZJJXpyufgq_kO2wqj8vzjiKfbtFAb7FNqMWujfFFjsdUr6ScI8b6fKX3ZQ
2026-06-22 13:27:16.204 +01:00 [INF] HTTP GET /api/notifications/push/public-key responded 200 in 39.9853 ms
2026-06-22 13:27:16.206 +01:00 [INF] HTTP OPTIONS /api/notifications/push/subscribe responded 204 in 0.0733 ms
2026-06-22 13:27:16.225 +01:00 [WRN] VAPID Keys not fully configured. Using auto-generated fallback keys. PUBLIC KEY: BKoImD5aBsjb6CxUIne-QhYJZGIFMZJJXpyufgq_kO2wqj8vzjiKfbtFAb7FNqMWujfFFjsdUr6ScI8b6fKX3ZQ
2026-06-22 13:27:16.312 +01:00 [INF] HTTP POST /api/notifications/push/subscribe responded 200 in 105.5222 ms
2026-06-22 13:27:16.341 +01:00 [INF] HTTP GET /api/admin/dashboard-stats responded 200 in 202.2210 ms
2026-06-22 13:27:31.458 +01:00 [INF] HTTP OPTIONS /api/admin/users responded 204 in 0.2003 ms
2026-06-22 13:27:31.554 +01:00 [INF] HTTP GET /api/admin/users responded 200 in 93.1074 ms
2026-06-22 13:27:37.270 +01:00 [INF] HTTP OPTIONS /api/auth/switch-user-by-oid responded 204 in 0.0815 ms
2026-06-22 13:27:37.362 +01:00 [INF] HTTP POST /api/auth/switch-user-by-oid responded 200 in 89.8808 ms
2026-06-22 13:27:37.368 +01:00 [INF] HTTP OPTIONS /api/me responded 204 in 0.0616 ms
2026-06-22 13:27:37.403 +01:00 [INF] HTTP GET /api/me responded 200 in 34.1306 ms
2026-06-22 13:27:50.523 +01:00 [INF] HTTP OPTIONS /api/gradebook/my-dashboard responded 204 in 0.3579 ms
2026-06-22 13:27:50.634 +01:00 [INF] HTTP GET /api/gradebook/my-dashboard responded 200 in 106.8460 ms
2026-06-22 13:27:57.837 +01:00 [INF] HTTP OPTIONS /api/me responded 204 in 0.0981 ms
2026-06-22 13:27:57.857 +01:00 [INF] HTTP GET /api/me responded 200 in 19.5485 ms
2026-06-22 13:27:57.894 +01:00 [INF] HTTP OPTIONS /api/notifications/push/public-key responded 204 in 0.0249 ms
2026-06-22 13:27:57.894 +01:00 [INF] HTTP OPTIONS /api/gradebook/my-dashboard responded 204 in 0.3635 ms
2026-06-22 13:27:57.918 +01:00 [WRN] VAPID Keys not fully configured. Using auto-generated fallback keys. PUBLIC KEY: BKoImD5aBsjb6CxUIne-QhYJZGIFMZJJXpyufgq_kO2wqj8vzjiKfbtFAb7FNqMWujfFFjsdUr6ScI8b6fKX3ZQ
2026-06-22 13:27:57.919 +01:00 [INF] HTTP GET /api/notifications/push/public-key responded 200 in 18.4533 ms
2026-06-22 13:27:57.921 +01:00 [INF] HTTP OPTIONS /api/notifications/push/subscribe responded 204 in 0.0588 ms
2026-06-22 13:27:57.923 +01:00 [INF] HTTP GET /api/gradebook/my-dashboard responded 200 in 22.9702 ms
2026-06-22 13:27:57.933 +01:00 [WRN] VAPID Keys not fully configured. Using auto-generated fallback keys. PUBLIC KEY: BKoImD5aBsjb6CxUIne-QhYJZGIFMZJJXpyufgq_kO2wqj8vzjiKfbtFAb7FNqMWujfFFjsdUr6ScI8b6fKX3ZQ
2026-06-22 13:27:57.949 +01:00 [INF] HTTP POST /api/notifications/push/subscribe responded 200 in 27.7003 ms
2026-06-22 13:28:27.346 +01:00 [INF] HTTP OPTIONS /api/fees/my-bill responded 204 in 0.2238 ms
2026-06-22 13:28:27.403 +01:00 [WRN] Compiling a query which loads related collections for more than one collection navigation, either via 'Include' or through projection, but no 'QuerySplittingBehavior' has been configured. By default, Entity Framework will use 'QuerySplittingBehavior.SingleQuery', which can potentially result in slow query performance. See https://go.microsoft.com/fwlink/?linkid=2134277 for more information. To identify the query that's triggering this warning call 'ConfigureWarnings(w => w.Throw(RelationalEventId.MultipleCollectionIncludeWarning))'.
2026-06-22 13:28:27.460 +01:00 [INF] HTTP GET /api/fees/my-bill responded 404 in 110.1476 ms
2026-06-22 13:28:30.589 +01:00 [INF] HTTP GET /api/quizzes responded 200 in 31.9387 ms
2026-06-22 13:29:04.905 +01:00 [INF] HTTP OPTIONS /api/me responded 204 in 0.0660 ms
2026-06-22 13:29:04.939 +01:00 [INF] HTTP GET /api/me responded 200 in 28.0214 ms
2026-06-22 13:29:04.977 +01:00 [INF] HTTP OPTIONS /api/notifications/push/public-key responded 204 in 0.1954 ms
2026-06-22 13:29:05.012 +01:00 [WRN] VAPID Keys not fully configured. Using auto-generated fallback keys. PUBLIC KEY: BKoImD5aBsjb6CxUIne-QhYJZGIFMZJJXpyufgq_kO2wqj8vzjiKfbtFAb7FNqMWujfFFjsdUr6ScI8b6fKX3ZQ
2026-06-22 13:29:05.013 +01:00 [INF] HTTP GET /api/notifications/push/public-key responded 200 in 33.7908 ms
2026-06-22 13:29:05.017 +01:00 [INF] HTTP OPTIONS /api/notifications/push/subscribe responded 204 in 0.2731 ms
2026-06-22 13:29:05.150 +01:00 [WRN] VAPID Keys not fully configured. Using auto-generated fallback keys. PUBLIC KEY: BKoImD5aBsjb6CxUIne-QhYJZGIFMZJJXpyufgq_kO2wqj8vzjiKfbtFAb7FNqMWujfFFjsdUr6ScI8b6fKX3ZQ
2026-06-22 13:29:05.179 +01:00 [INF] HTTP POST /api/notifications/push/subscribe responded 200 in 161.0511 ms
2026-06-22 13:37:48.292 +01:00 [INF] HTTP OPTIONS /api/me responded 204 in 0.1183 ms
2026-06-22 13:37:48.336 +01:00 [INF] HTTP GET /api/me responded 200 in 41.3930 ms
2026-06-22 13:37:48.355 +01:00 [INF] HTTP OPTIONS /api/admin/dashboard-stats responded 204 in 0.0399 ms
2026-06-22 13:37:48.371 +01:00 [INF] HTTP OPTIONS /api/notifications/push/public-key responded 204 in 0.0427 ms
2026-06-22 13:37:48.400 +01:00 [INF] HTTP GET /api/admin/dashboard-stats responded 200 in 42.9691 ms
2026-06-22 13:37:48.402 +01:00 [WRN] VAPID Keys not fully configured. Using auto-generated fallback keys. PUBLIC KEY: BKoImD5aBsjb6CxUIne-QhYJZGIFMZJJXpyufgq_kO2wqj8vzjiKfbtFAb7FNqMWujfFFjsdUr6ScI8b6fKX3ZQ
2026-06-22 13:37:48.402 +01:00 [INF] HTTP GET /api/notifications/push/public-key responded 200 in 29.8558 ms
2026-06-22 13:37:48.407 +01:00 [INF] HTTP OPTIONS /api/notifications/push/subscribe responded 204 in 0.0361 ms
2026-06-22 13:37:48.421 +01:00 [WRN] VAPID Keys not fully configured. Using auto-generated fallback keys. PUBLIC KEY: BKoImD5aBsjb6CxUIne-QhYJZGIFMZJJXpyufgq_kO2wqj8vzjiKfbtFAb7FNqMWujfFFjsdUr6ScI8b6fKX3ZQ
2026-06-22 13:37:48.432 +01:00 [INF] HTTP POST /api/notifications/push/subscribe responded 200 in 24.1650 ms
2026-06-22 13:44:28.092 +01:00 [INF] Application is shutting down...
