2026-06-24 09:43:40.010 +01:00 [INF] HTTP OPTIONS /api/me responded 204 in 0.0303 ms
2026-06-24 09:43:40.011 +01:00 [INF] HTTP OPTIONS /api/me responded 204 in 0.0084 ms
2026-06-24 09:43:40.024 +01:00 [INF] HTTP GET /api/me responded 200 in 4.9293 ms
2026-06-24 09:43:40.030 +01:00 [INF] HTTP GET /api/me responded 200 in 2.1118 ms
2026-06-24 09:43:40.184 +01:00 [INF] HTTP OPTIONS /api/admin/sessions responded 204 in 0.0308 ms
2026-06-24 09:43:40.184 +01:00 [INF] HTTP OPTIONS /api/timetable/lecturers responded 204 in 0.0043 ms
2026-06-24 09:43:40.184 +01:00 [INF] HTTP OPTIONS /api/lecture-sessions responded 204 in 0.0096 ms
2026-06-24 09:43:40.184 +01:00 [INF] HTTP OPTIONS /api/admin/sessions responded 204 in 0.0050 ms
2026-06-24 09:43:40.190 +01:00 [INF] HTTP OPTIONS /api/notifications/push/public-key responded 204 in 0.0326 ms
2026-06-24 09:43:40.191 +01:00 [INF] HTTP GET /api/timetable/lecturers responded 401 in 5.4655 ms
2026-06-24 09:43:40.191 +01:00 [INF] HTTP GET /api/admin/sessions responded 401 in 5.5213 ms
2026-06-24 09:43:40.191 +01:00 [INF] HTTP GET /api/lecture-sessions responded 401 in 4.2830 ms
2026-06-24 09:43:40.192 +01:00 [INF] HTTP GET /api/notifications/push/public-key responded 401 in 1.3345 ms
2026-06-24 09:43:40.195 +01:00 [INF] HTTP GET /api/admin/sessions responded 401 in 0.6683 ms
2026-06-24 09:43:40.197 +01:00 [INF] HTTP GET /api/notifications/push/public-key responded 401 in 0.3577 ms
2026-06-24 09:43:53.911 +01:00 [INF] HTTP OPTIONS /api/me responded 204 in 0.0235 ms
2026-06-24 09:43:53.911 +01:00 [INF] HTTP OPTIONS /api/me responded 204 in 0.0168 ms
2026-06-24 09:43:53.912 +01:00 [INF] HTTP GET /api/me responded 200 in 0.7902 ms
2026-06-24 09:43:53.914 +01:00 [INF] HTTP GET /api/me responded 200 in 0.4133 ms
2026-06-24 09:43:53.970 +01:00 [INF] HTTP OPTIONS /api/admin/sessions responded 204 in 0.0180 ms
2026-06-24 09:43:53.970 +01:00 [INF] HTTP OPTIONS /api/lecture-sessions responded 204 in 0.0207 ms
2026-06-24 09:43:53.970 +01:00 [INF] HTTP OPTIONS /api/timetable/lecturers responded 204 in 0.0146 ms
2026-06-24 09:43:53.971 +01:00 [INF] HTTP GET /api/admin/sessions responded 401 in 0.5380 ms
2026-06-24 09:43:53.971 +01:00 [INF] HTTP GET /api/timetable/lecturers responded 401 in 0.4107 ms
2026-06-24 09:43:53.971 +01:00 [INF] HTTP GET /api/lecture-sessions responded 401 in 0.4209 ms
2026-06-24 09:43:53.972 +01:00 [INF] HTTP GET /api/admin/sessions responded 401 in 0.2517 ms
2026-06-24 09:43:53.975 +01:00 [INF] HTTP OPTIONS /api/notifications/push/public-key responded 204 in 0.0143 ms
2026-06-24 09:43:53.976 +01:00 [INF] HTTP GET /api/notifications/push/public-key responded 401 in 0.3023 ms
2026-06-24 09:43:53.979 +01:00 [INF] HTTP GET /api/notifications/push/public-key responded 401 in 0.2880 ms
2026-06-24 09:48:09.431 +01:00 [INF] HTTP OPTIONS /api/me responded 204 in 0.0405 ms
2026-06-24 09:48:11.205 +01:00 [INF] HTTP GET /api/me responded 200 in 1768.0730 ms
2026-06-24 09:48:24.538 +01:00 [INF] HTTP OPTIONS /api/me responded 204 in 0.0350 ms
2026-06-24 09:48:24.622 +01:00 [INF] HTTP GET /api/me responded 200 in 82.4003 ms
2026-06-24 09:48:24.643 +01:00 [INF] HTTP OPTIONS /api/admin/dashboard-stats responded 204 in 0.0213 ms
2026-06-24 09:48:24.659 +01:00 [INF] HTTP OPTIONS /api/notifications/push/public-key responded 204 in 0.0181 ms
2026-06-24 09:48:24.670 +01:00 [WRN] VAPID Keys not fully configured. Using auto-generated fallback keys. PUBLIC KEY: BAEr0zIFWJptMd9xjpqmQdKQieuQ3mvQDUfHlkMhsBExQM8isD3TO6f0zt7mlQFwPDar-dgdWPXQcqBjF66w-BU
2026-06-24 09:48:24.670 +01:00 [INF] HTTP GET /api/notifications/push/public-key responded 200 in 10.8573 ms
2026-06-24 09:48:24.684 +01:00 [INF] HTTP OPTIONS /api/notifications/push/subscribe responded 204 in 0.0230 ms
2026-06-24 09:48:24.695 +01:00 [WRN] VAPID Keys not fully configured. Using auto-generated fallback keys. PUBLIC KEY: BAEr0zIFWJptMd9xjpqmQdKQieuQ3mvQDUfHlkMhsBExQM8isD3TO6f0zt7mlQFwPDar-dgdWPXQcqBjF66w-BU
2026-06-24 09:48:24.729 +01:00 [INF] HTTP POST /api/notifications/push/subscribe responded 200 in 44.0216 ms
2026-06-24 09:48:24.864 +01:00 [INF] HTTP GET /api/admin/dashboard-stats responded 200 in 220.0218 ms
2026-06-24 09:48:37.612 +01:00 [INF] HTTP OPTIONS /api/admissions/document-types responded 204 in 0.0269 ms
2026-06-24 09:48:37.612 +01:00 [INF] HTTP OPTIONS /api/admissions/document-types responded 204 in 0.0473 ms
2026-06-24 09:48:37.615 +01:00 [INF] HTTP OPTIONS /api/admissions/faculties responded 204 in 0.0130 ms
2026-06-24 09:48:37.615 +01:00 [INF] HTTP OPTIONS /api/admissions/subjects responded 204 in 0.0100 ms
2026-06-24 09:48:37.615 +01:00 [INF] HTTP OPTIONS /api/admissions/levels responded 204 in 0.0109 ms
2026-06-24 09:48:37.615 +01:00 [INF] HTTP OPTIONS /api/admissions/sessions responded 204 in 0.0233 ms
2026-06-24 09:48:37.615 +01:00 [INF] HTTP OPTIONS /api/admissions/sponsors responded 204 in 0.0182 ms
2026-06-24 09:48:37.617 +01:00 [INF] HTTP OPTIONS /api/countries responded 204 in 0.0124 ms
2026-06-24 09:48:37.617 +01:00 [INF] HTTP OPTIONS /api/admissions/faculties responded 204 in 0.0130 ms
2026-06-24 09:48:37.630 +01:00 [INF] Initializing Entra ID Service with TenantId: c9a98a3d-152f-4eb3-b93f-9b26fdd08495, ClientId: 84022968-6bdc-4c6b-8eab-57b75fa5d0b1, Domain: wigweuniversity.edu.ng
2026-06-24 09:48:37.630 +01:00 [INF] Entra ID Service initialized successfully
2026-06-24 09:48:37.654 +01:00 [INF] Initializing Entra ID Service with TenantId: c9a98a3d-152f-4eb3-b93f-9b26fdd08495, ClientId: 84022968-6bdc-4c6b-8eab-57b75fa5d0b1, Domain: wigweuniversity.edu.ng
2026-06-24 09:48:37.654 +01:00 [INF] Entra ID Service initialized successfully
2026-06-24 09:48:37.656 +01:00 [INF] Initializing Entra ID Service with TenantId: c9a98a3d-152f-4eb3-b93f-9b26fdd08495, ClientId: 84022968-6bdc-4c6b-8eab-57b75fa5d0b1, Domain: wigweuniversity.edu.ng
2026-06-24 09:48:37.656 +01:00 [INF] Entra ID Service initialized successfully
2026-06-24 09:48:37.670 +01:00 [INF] Initializing Entra ID Service with TenantId: c9a98a3d-152f-4eb3-b93f-9b26fdd08495, ClientId: 84022968-6bdc-4c6b-8eab-57b75fa5d0b1, Domain: wigweuniversity.edu.ng
2026-06-24 09:48:37.670 +01:00 [INF] Entra ID Service initialized successfully
2026-06-24 09:48:37.671 +01:00 [INF] HTTP GET /api/admissions/subjects responded 200 in 54.2745 ms
2026-06-24 09:48:37.672 +01:00 [INF] HTTP GET /api/admissions/sessions responded 200 in 54.1685 ms
2026-06-24 09:48:37.680 +01:00 [INF] HTTP GET /api/admissions/document-types responded 200 in 62.6966 ms
2026-06-24 09:48:37.683 +01:00 [INF] Initializing Entra ID Service with TenantId: c9a98a3d-152f-4eb3-b93f-9b26fdd08495, ClientId: 84022968-6bdc-4c6b-8eab-57b75fa5d0b1, Domain: wigweuniversity.edu.ng
2026-06-24 09:48:37.684 +01:00 [INF] Entra ID Service initialized successfully
2026-06-24 09:48:37.695 +01:00 [INF] HTTP GET /api/admissions/levels responded 200 in 77.8561 ms
2026-06-24 09:48:37.698 +01:00 [INF] HTTP GET /api/admissions/sponsors responded 200 in 26.1150 ms
2026-06-24 09:48:37.707 +01:00 [INF] HTTP GET /api/countries responded 200 in 34.6546 ms
2026-06-24 09:48:37.708 +01:00 [INF] HTTP GET /api/admissions/faculties responded 200 in 90.8163 ms
2026-06-24 09:48:37.708 +01:00 [INF] HTTP GET /api/admissions/document-types responded 200 in 92.7472 ms
2026-06-24 09:48:37.732 +01:00 [INF] Initializing Entra ID Service with TenantId: c9a98a3d-152f-4eb3-b93f-9b26fdd08495, ClientId: 84022968-6bdc-4c6b-8eab-57b75fa5d0b1, Domain: wigweuniversity.edu.ng
2026-06-24 09:48:37.732 +01:00 [INF] Entra ID Service initialized successfully
2026-06-24 09:48:37.738 +01:00 [INF] HTTP GET /api/admissions/faculties responded 200 in 29.3804 ms
2026-06-24 09:48:37.739 +01:00 [INF] HTTP OPTIONS /api/admissions/programs/0d17b27c-131d-4205-876a-3bd064ba8814 responded 204 in 0.0176 ms
2026-06-24 09:48:37.739 +01:00 [INF] HTTP OPTIONS /api/admissions/programs/780adcfd-92ad-4f80-8ec4-d97ae6b165e0 responded 204 in 0.0177 ms
2026-06-24 09:48:37.739 +01:00 [INF] HTTP OPTIONS /api/admissions/programs/57bcd87b-51c8-4110-a3a4-ae2f2175864e responded 204 in 0.0023 ms
2026-06-24 09:48:37.739 +01:00 [INF] HTTP OPTIONS /api/admissions/programs/5b02c1f7-ebf7-4698-8998-587a2ef867e7 responded 204 in 0.0019 ms
2026-06-24 09:48:37.747 +01:00 [INF] Initializing Entra ID Service with TenantId: c9a98a3d-152f-4eb3-b93f-9b26fdd08495, ClientId: 84022968-6bdc-4c6b-8eab-57b75fa5d0b1, Domain: wigweuniversity.edu.ng
2026-06-24 09:48:37.748 +01:00 [INF] Entra ID Service initialized successfully
2026-06-24 09:48:37.749 +01:00 [INF] Initializing Entra ID Service with TenantId: c9a98a3d-152f-4eb3-b93f-9b26fdd08495, ClientId: 84022968-6bdc-4c6b-8eab-57b75fa5d0b1, Domain: wigweuniversity.edu.ng
2026-06-24 09:48:37.749 +01:00 [INF] Entra ID Service initialized successfully
2026-06-24 09:48:37.750 +01:00 [INF] Initializing Entra ID Service with TenantId: c9a98a3d-152f-4eb3-b93f-9b26fdd08495, ClientId: 84022968-6bdc-4c6b-8eab-57b75fa5d0b1, Domain: wigweuniversity.edu.ng
2026-06-24 09:48:37.750 +01:00 [INF] Entra ID Service initialized successfully
2026-06-24 09:48:37.752 +01:00 [INF] Initializing Entra ID Service with TenantId: c9a98a3d-152f-4eb3-b93f-9b26fdd08495, ClientId: 84022968-6bdc-4c6b-8eab-57b75fa5d0b1, Domain: wigweuniversity.edu.ng
2026-06-24 09:48:37.752 +01:00 [INF] Entra ID Service initialized successfully
2026-06-24 09:48:37.762 +01:00 [INF] HTTP GET /api/admissions/programs/780adcfd-92ad-4f80-8ec4-d97ae6b165e0 responded 200 in 22.5637 ms
2026-06-24 09:48:37.762 +01:00 [INF] HTTP GET /api/admissions/programs/0d17b27c-131d-4205-876a-3bd064ba8814 responded 200 in 22.6147 ms
2026-06-24 09:48:37.763 +01:00 [INF] HTTP GET /api/admissions/programs/5b02c1f7-ebf7-4698-8998-587a2ef867e7 responded 200 in 22.5546 ms
2026-06-24 09:48:37.763 +01:00 [INF] HTTP GET /api/admissions/programs/57bcd87b-51c8-4110-a3a4-ae2f2175864e responded 200 in 22.6173 ms
2026-06-24 09:48:40.863 +01:00 [INF] HTTP OPTIONS /api/notifications/push/public-key responded 204 in 0.0366 ms
2026-06-24 09:48:40.881 +01:00 [WRN] VAPID Keys not fully configured. Using auto-generated fallback keys. PUBLIC KEY: BAEr0zIFWJptMd9xjpqmQdKQieuQ3mvQDUfHlkMhsBExQM8isD3TO6f0zt7mlQFwPDar-dgdWPXQcqBjF66w-BU
2026-06-24 09:48:40.881 +01:00 [INF] HTTP GET /api/notifications/push/public-key responded 200 in 18.2121 ms
2026-06-24 09:48:40.883 +01:00 [INF] HTTP OPTIONS /api/notifications/push/subscribe responded 204 in 0.0210 ms
2026-06-24 09:48:40.894 +01:00 [WRN] VAPID Keys not fully configured. Using auto-generated fallback keys. PUBLIC KEY: BAEr0zIFWJptMd9xjpqmQdKQieuQ3mvQDUfHlkMhsBExQM8isD3TO6f0zt7mlQFwPDar-dgdWPXQcqBjF66w-BU
2026-06-24 09:48:40.909 +01:00 [INF] HTTP POST /api/notifications/push/subscribe responded 200 in 25.3395 ms
2026-06-24 09:48:45.238 +01:00 [INF] HTTP OPTIONS /api/registry/stats responded 204 in 0.1044 ms
2026-06-24 09:48:45.313 +01:00 [INF] HTTP GET /api/registry/stats responded 200 in 67.6574 ms
2026-06-24 09:48:51.082 +01:00 [INF] HTTP GET /api/messages responded 200 in 71.4939 ms
2026-06-24 09:48:51.103 +01:00 [INF] HTTP GET /api/messages responded 200 in 13.7032 ms
2026-06-24 09:49:42.209 +01:00 [INF] HTTP POST /api/messages responded 200 in 104.9173 ms
2026-06-24 09:49:42.230 +01:00 [INF] HTTP GET /api/messages responded 200 in 12.4488 ms
2026-06-24 09:49:42.246 +01:00 [INF] HTTP GET /api/messages responded 200 in 11.1163 ms
2026-06-24 09:49:58.994 +01:00 [INF] HTTP PUT /api/messages/2571f5bf-66f0-408b-938d-c3b9a0b3bc02/read responded 200 in 71.2685 ms
2026-06-24 09:50:00.755 +01:00 [INF] HTTP PUT /api/messages/2571f5bf-66f0-408b-938d-c3b9a0b3bc02/read responded 200 in 33.6019 ms
2026-06-24 09:53:13.468 +01:00 [INF] HTTP GET /api/announcements responded 200 in 57.0900 ms
2026-06-24 09:53:57.568 +01:00 [INF] HTTP OPTIONS /api/me responded 204 in 0.0183 ms
2026-06-24 09:53:57.585 +01:00 [INF] HTTP GET /api/me responded 200 in 15.1517 ms
2026-06-24 09:53:57.630 +01:00 [INF] HTTP OPTIONS /api/notifications/push/public-key responded 204 in 0.0236 ms
2026-06-24 09:53:57.659 +01:00 [WRN] VAPID Keys not fully configured. Using auto-generated fallback keys. PUBLIC KEY: BAEr0zIFWJptMd9xjpqmQdKQieuQ3mvQDUfHlkMhsBExQM8isD3TO6f0zt7mlQFwPDar-dgdWPXQcqBjF66w-BU
2026-06-24 09:53:57.668 +01:00 [INF] HTTP GET /api/notifications/push/public-key responded 200 in 36.7719 ms
2026-06-24 09:53:57.702 +01:00 [INF] HTTP OPTIONS /api/notifications/push/subscribe responded 204 in 0.0233 ms
2026-06-24 09:53:57.729 +01:00 [WRN] VAPID Keys not fully configured. Using auto-generated fallback keys. PUBLIC KEY: BAEr0zIFWJptMd9xjpqmQdKQieuQ3mvQDUfHlkMhsBExQM8isD3TO6f0zt7mlQFwPDar-dgdWPXQcqBjF66w-BU
2026-06-24 09:53:57.753 +01:00 [INF] HTTP POST /api/notifications/push/subscribe responded 200 in 49.9918 ms
2026-06-24 09:53:57.806 +01:00 [INF] HTTP GET /api/announcements responded 200 in 23.5017 ms
2026-06-24 09:54:48.238 +01:00 [INF] HTTP OPTIONS /api/me responded 204 in 5.4138 ms
2026-06-24 09:54:48.267 +01:00 [INF] HTTP GET /api/me responded 200 in 28.1692 ms
2026-06-24 09:54:48.319 +01:00 [INF] HTTP OPTIONS /api/notifications/push/public-key responded 204 in 0.0474 ms
2026-06-24 09:54:48.394 +01:00 [WRN] VAPID Keys not fully configured. Using auto-generated fallback keys. PUBLIC KEY: BAEr0zIFWJptMd9xjpqmQdKQieuQ3mvQDUfHlkMhsBExQM8isD3TO6f0zt7mlQFwPDar-dgdWPXQcqBjF66w-BU
2026-06-24 09:54:48.394 +01:00 [INF] HTTP GET /api/notifications/push/public-key responded 200 in 73.4251 ms
2026-06-24 09:54:48.487 +01:00 [INF] HTTP GET /api/announcements responded 200 in 152.4594 ms
2026-06-24 09:54:48.528 +01:00 [INF] HTTP OPTIONS /api/notifications/push/subscribe responded 204 in 0.0245 ms
2026-06-24 09:54:48.544 +01:00 [WRN] VAPID Keys not fully configured. Using auto-generated fallback keys. PUBLIC KEY: BAEr0zIFWJptMd9xjpqmQdKQieuQ3mvQDUfHlkMhsBExQM8isD3TO6f0zt7mlQFwPDar-dgdWPXQcqBjF66w-BU
2026-06-24 09:54:48.549 +01:00 [INF] HTTP POST /api/notifications/push/subscribe responded 200 in 19.2973 ms
2026-06-24 09:56:28.586 +01:00 [INF] HTTP POST /api/announcements responded 200 in 56.8385 ms
2026-06-24 09:56:28.624 +01:00 [INF] HTTP GET /api/announcements/c701d089-b127-440a-95ac-efec16883293 responded 200 in 28.2794 ms
2026-06-24 09:56:29.739 +01:00 [INF] HTTP OPTIONS /api/me responded 204 in 0.0229 ms
2026-06-24 09:56:29.783 +01:00 [INF] HTTP GET /api/me responded 200 in 35.3198 ms
2026-06-24 09:56:29.867 +01:00 [INF] HTTP GET /api/announcements/c701d089-b127-440a-95ac-efec16883293 responded 200 in 15.9883 ms
2026-06-24 09:56:30.037 +01:00 [INF] HTTP GET /api/me responded 200 in 15.0717 ms
2026-06-24 09:56:30.077 +01:00 [INF] HTTP OPTIONS /api/notifications/push/public-key responded 204 in 0.0205 ms
2026-06-24 09:56:30.195 +01:00 [WRN] VAPID Keys not fully configured. Using auto-generated fallback keys. PUBLIC KEY: BAEr0zIFWJptMd9xjpqmQdKQieuQ3mvQDUfHlkMhsBExQM8isD3TO6f0zt7mlQFwPDar-dgdWPXQcqBjF66w-BU
2026-06-24 09:56:30.195 +01:00 [INF] HTTP GET /api/notifications/push/public-key responded 200 in 114.7687 ms
2026-06-24 09:56:30.199 +01:00 [INF] HTTP OPTIONS /api/notifications/push/subscribe responded 204 in 0.2155 ms
2026-06-24 09:56:30.224 +01:00 [WRN] VAPID Keys not fully configured. Using auto-generated fallback keys. PUBLIC KEY: BAEr0zIFWJptMd9xjpqmQdKQieuQ3mvQDUfHlkMhsBExQM8isD3TO6f0zt7mlQFwPDar-dgdWPXQcqBjF66w-BU
2026-06-24 09:56:30.231 +01:00 [INF] HTTP POST /api/notifications/push/subscribe responded 200 in 25.6013 ms
2026-06-24 09:56:30.250 +01:00 [INF] HTTP OPTIONS /api/admin/sessions responded 204 in 0.0188 ms
2026-06-24 09:56:30.250 +01:00 [INF] HTTP OPTIONS /api/timetable/lecturers responded 204 in 0.0058 ms
2026-06-24 09:56:30.251 +01:00 [INF] HTTP OPTIONS /api/lecture-sessions responded 204 in 0.0033 ms
2026-06-24 09:56:30.265 +01:00 [INF] HTTP GET /api/admin/sessions responded 200 in 14.5083 ms
2026-06-24 09:56:30.269 +01:00 [WRN] VAPID Keys not fully configured. Using auto-generated fallback keys. PUBLIC KEY: BAEr0zIFWJptMd9xjpqmQdKQieuQ3mvQDUfHlkMhsBExQM8isD3TO6f0zt7mlQFwPDar-dgdWPXQcqBjF66w-BU
2026-06-24 09:56:30.269 +01:00 [INF] HTTP GET /api/notifications/push/public-key responded 200 in 8.6297 ms
2026-06-24 09:56:30.280 +01:00 [WRN] VAPID Keys not fully configured. Using auto-generated fallback keys. PUBLIC KEY: BAEr0zIFWJptMd9xjpqmQdKQieuQ3mvQDUfHlkMhsBExQM8isD3TO6f0zt7mlQFwPDar-dgdWPXQcqBjF66w-BU
2026-06-24 09:56:30.283 +01:00 [INF] HTTP GET /api/timetable/lecturers responded 200 in 32.2248 ms
2026-06-24 09:56:30.287 +01:00 [INF] HTTP POST /api/notifications/push/subscribe responded 200 in 16.5804 ms
2026-06-24 09:56:30.351 +01:00 [INF] HTTP GET /api/lecture-sessions responded 200 in 99.4644 ms
2026-06-24 09:57:01.283 +01:00 [INF] HTTP OPTIONS /api/me responded 204 in 0.0222 ms
2026-06-24 09:57:01.336 +01:00 [INF] HTTP GET /api/me responded 200 in 37.5137 ms
2026-06-24 09:57:01.422 +01:00 [INF] HTTP OPTIONS /api/notifications/push/public-key responded 204 in 0.0196 ms
2026-06-24 09:57:01.454 +01:00 [WRN] VAPID Keys not fully configured. Using auto-generated fallback keys. PUBLIC KEY: BAEr0zIFWJptMd9xjpqmQdKQieuQ3mvQDUfHlkMhsBExQM8isD3TO6f0zt7mlQFwPDar-dgdWPXQcqBjF66w-BU
2026-06-24 09:57:01.454 +01:00 [INF] HTTP GET /api/notifications/push/public-key responded 200 in 31.0471 ms
2026-06-24 09:57:01.496 +01:00 [INF] HTTP GET /api/announcements/c701d089-b127-440a-95ac-efec16883293 responded 200 in 48.9848 ms
2026-06-24 09:57:01.577 +01:00 [INF] HTTP OPTIONS /api/notifications/push/subscribe responded 204 in 0.0398 ms
2026-06-24 09:57:01.587 +01:00 [WRN] VAPID Keys not fully configured. Using auto-generated fallback keys. PUBLIC KEY: BAEr0zIFWJptMd9xjpqmQdKQieuQ3mvQDUfHlkMhsBExQM8isD3TO6f0zt7mlQFwPDar-dgdWPXQcqBjF66w-BU
2026-06-24 09:57:01.596 +01:00 [INF] HTTP POST /api/notifications/push/subscribe responded 200 in 18.5165 ms
2026-06-24 09:57:01.881 +01:00 [INF] HTTP GET /api/me responded 200 in 12.8800 ms
2026-06-24 09:57:01.952 +01:00 [INF] HTTP OPTIONS /api/admin/sessions responded 204 in 0.0219 ms
2026-06-24 09:57:01.952 +01:00 [INF] HTTP OPTIONS /api/timetable/lecturers responded 204 in 0.0232 ms
2026-06-24 09:57:01.952 +01:00 [INF] HTTP OPTIONS /api/lecture-sessions responded 204 in 0.0166 ms
2026-06-24 09:57:01.965 +01:00 [INF] HTTP GET /api/admin/sessions responded 200 in 12.2450 ms
2026-06-24 09:57:01.968 +01:00 [INF] HTTP GET /api/timetable/lecturers responded 200 in 15.6757 ms
2026-06-24 09:57:01.970 +01:00 [INF] HTTP GET /api/lecture-sessions responded 200 in 16.9759 ms
2026-06-24 09:57:01.984 +01:00 [WRN] VAPID Keys not fully configured. Using auto-generated fallback keys. PUBLIC KEY: BAEr0zIFWJptMd9xjpqmQdKQieuQ3mvQDUfHlkMhsBExQM8isD3TO6f0zt7mlQFwPDar-dgdWPXQcqBjF66w-BU
2026-06-24 09:57:01.984 +01:00 [INF] HTTP GET /api/notifications/push/public-key responded 200 in 24.6007 ms
2026-06-24 09:57:01.994 +01:00 [WRN] VAPID Keys not fully configured. Using auto-generated fallback keys. PUBLIC KEY: BAEr0zIFWJptMd9xjpqmQdKQieuQ3mvQDUfHlkMhsBExQM8isD3TO6f0zt7mlQFwPDar-dgdWPXQcqBjF66w-BU
2026-06-24 09:57:02.001 +01:00 [INF] HTTP POST /api/notifications/push/subscribe responded 200 in 15.3009 ms
2026-06-24 09:57:33.756 +01:00 [INF] HTTP OPTIONS /api/me responded 204 in 0.0252 ms
2026-06-24 09:57:33.777 +01:00 [INF] HTTP GET /api/me responded 200 in 18.4831 ms
2026-06-24 09:57:33.821 +01:00 [INF] HTTP OPTIONS /api/notifications/push/public-key responded 204 in 0.0243 ms
2026-06-24 09:57:33.866 +01:00 [WRN] VAPID Keys not fully configured. Using auto-generated fallback keys. PUBLIC KEY: BAEr0zIFWJptMd9xjpqmQdKQieuQ3mvQDUfHlkMhsBExQM8isD3TO6f0zt7mlQFwPDar-dgdWPXQcqBjF66w-BU
2026-06-24 09:57:33.868 +01:00 [INF] HTTP GET /api/notifications/push/public-key responded 200 in 28.5153 ms
2026-06-24 09:57:33.963 +01:00 [INF] HTTP OPTIONS /api/notifications/push/subscribe responded 204 in 0.0231 ms
2026-06-24 09:57:33.978 +01:00 [INF] HTTP GET /api/announcements/c701d089-b127-440a-95ac-efec16883293 responded 200 in 110.5435 ms
2026-06-24 09:57:33.990 +01:00 [WRN] VAPID Keys not fully configured. Using auto-generated fallback keys. PUBLIC KEY: BAEr0zIFWJptMd9xjpqmQdKQieuQ3mvQDUfHlkMhsBExQM8isD3TO6f0zt7mlQFwPDar-dgdWPXQcqBjF66w-BU
2026-06-24 09:57:33.998 +01:00 [INF] HTTP GET /api/me responded 200 in 21.7196 ms
2026-06-24 09:57:34.001 +01:00 [INF] HTTP POST /api/notifications/push/subscribe responded 200 in 37.1080 ms
2026-06-24 09:57:34.052 +01:00 [INF] HTTP OPTIONS /api/admin/sessions responded 204 in 0.0253 ms
2026-06-24 09:57:34.052 +01:00 [INF] HTTP OPTIONS /api/timetable/lecturers responded 204 in 0.0258 ms
2026-06-24 09:57:34.056 +01:00 [INF] HTTP OPTIONS /api/lecture-sessions responded 204 in 0.2404 ms
2026-06-24 09:57:34.090 +01:00 [INF] HTTP GET /api/timetable/lecturers responded 200 in 33.8482 ms
2026-06-24 09:57:34.091 +01:00 [INF] HTTP GET /api/admin/sessions responded 200 in 35.5167 ms
2026-06-24 09:57:34.094 +01:00 [WRN] VAPID Keys not fully configured. Using auto-generated fallback keys. PUBLIC KEY: BAEr0zIFWJptMd9xjpqmQdKQieuQ3mvQDUfHlkMhsBExQM8isD3TO6f0zt7mlQFwPDar-dgdWPXQcqBjF66w-BU
2026-06-24 09:57:34.094 +01:00 [INF] HTTP GET /api/notifications/push/public-key responded 200 in 26.9725 ms
2026-06-24 09:57:34.103 +01:00 [INF] HTTP GET /api/lecture-sessions responded 200 in 35.5443 ms
2026-06-24 09:57:34.110 +01:00 [WRN] VAPID Keys not fully configured. Using auto-generated fallback keys. PUBLIC KEY: BAEr0zIFWJptMd9xjpqmQdKQieuQ3mvQDUfHlkMhsBExQM8isD3TO6f0zt7mlQFwPDar-dgdWPXQcqBjF66w-BU
2026-06-24 09:57:34.121 +01:00 [INF] HTTP POST /api/notifications/push/subscribe responded 200 in 22.1221 ms
2026-06-24 09:57:41.762 +01:00 [INF] HTTP GET /api/announcements responded 200 in 47.1511 ms
2026-06-24 09:57:54.435 +01:00 [INF] HTTP GET /api/announcements/c701d089-b127-440a-95ac-efec16883293 responded 200 in 15.3513 ms
2026-06-24 09:57:59.428 +01:00 [INF] HTTP GET /api/announcements/c701d089-b127-440a-95ac-efec16883293 responded 200 in 14.6114 ms
2026-06-24 09:58:06.867 +01:00 [INF] HTTP OPTIONS /api/me responded 204 in 0.0315 ms
2026-06-24 09:58:06.884 +01:00 [INF] HTTP GET /api/me responded 200 in 13.5340 ms
2026-06-24 09:58:06.927 +01:00 [INF] HTTP OPTIONS /api/notifications/push/public-key responded 204 in 0.0148 ms
2026-06-24 09:58:06.930 +01:00 [INF] HTTP GET /api/me responded 200 in 42.2661 ms
2026-06-24 09:58:06.944 +01:00 [WRN] VAPID Keys not fully configured. Using auto-generated fallback keys. PUBLIC KEY: BAEr0zIFWJptMd9xjpqmQdKQieuQ3mvQDUfHlkMhsBExQM8isD3TO6f0zt7mlQFwPDar-dgdWPXQcqBjF66w-BU
2026-06-24 09:58:06.944 +01:00 [INF] HTTP GET /api/notifications/push/public-key responded 200 in 16.7562 ms
2026-06-24 09:58:06.947 +01:00 [INF] HTTP OPTIONS /api/notifications/push/subscribe responded 204 in 0.0222 ms
2026-06-24 09:58:06.951 +01:00 [INF] HTTP GET /api/announcements/c701d089-b127-440a-95ac-efec16883293 responded 200 in 24.6750 ms
2026-06-24 09:58:06.964 +01:00 [INF] HTTP OPTIONS /api/admin/sessions responded 204 in 0.0333 ms
2026-06-24 09:58:06.964 +01:00 [INF] HTTP OPTIONS /api/timetable/lecturers responded 204 in 0.0160 ms
2026-06-24 09:58:06.964 +01:00 [INF] HTTP OPTIONS /api/lecture-sessions responded 204 in 0.0028 ms
2026-06-24 09:58:06.987 +01:00 [INF] HTTP GET /api/timetable/lecturers responded 200 in 19.9073 ms
2026-06-24 09:58:06.991 +01:00 [INF] HTTP GET /api/admin/sessions responded 200 in 24.1744 ms
2026-06-24 09:58:06.992 +01:00 [WRN] VAPID Keys not fully configured. Using auto-generated fallback keys. PUBLIC KEY: BAEr0zIFWJptMd9xjpqmQdKQieuQ3mvQDUfHlkMhsBExQM8isD3TO6f0zt7mlQFwPDar-dgdWPXQcqBjF66w-BU
2026-06-24 09:58:06.992 +01:00 [INF] HTTP GET /api/notifications/push/public-key responded 200 in 20.0753 ms
2026-06-24 09:58:06.997 +01:00 [INF] HTTP GET /api/lecture-sessions responded 200 in 29.6791 ms
2026-06-24 09:58:07.001 +01:00 [WRN] VAPID Keys not fully configured. Using auto-generated fallback keys. PUBLIC KEY: BAEr0zIFWJptMd9xjpqmQdKQieuQ3mvQDUfHlkMhsBExQM8isD3TO6f0zt7mlQFwPDar-dgdWPXQcqBjF66w-BU
2026-06-24 09:58:07.008 +01:00 [WRN] VAPID Keys not fully configured. Using auto-generated fallback keys. PUBLIC KEY: BAEr0zIFWJptMd9xjpqmQdKQieuQ3mvQDUfHlkMhsBExQM8isD3TO6f0zt7mlQFwPDar-dgdWPXQcqBjF66w-BU
2026-06-24 09:58:07.012 +01:00 [INF] HTTP POST /api/notifications/push/subscribe responded 200 in 62.2342 ms
2026-06-24 09:58:07.024 +01:00 [INF] HTTP POST /api/notifications/push/subscribe responded 200 in 30.7710 ms
2026-06-24 09:58:12.984 +01:00 [INF] HTTP PUT /api/announcements/c701d089-b127-440a-95ac-efec16883293 responded 200 in 29.5123 ms
2026-06-24 09:58:13.004 +01:00 [INF] HTTP GET /api/announcements/c701d089-b127-440a-95ac-efec16883293 responded 200 in 12.2205 ms
2026-06-24 09:58:15.239 +01:00 [INF] HTTP GET /api/announcements responded 200 in 13.9330 ms
2026-06-24 09:58:30.874 +01:00 [INF] HTTP GET /api/announcements/c701d089-b127-440a-95ac-efec16883293 responded 200 in 21.3042 ms
2026-06-24 09:58:37.175 +01:00 [INF] HTTP OPTIONS /api/admin/users responded 204 in 0.0450 ms
2026-06-24 09:58:37.237 +01:00 [INF] HTTP GET /api/admin/users responded 200 in 60.9579 ms
2026-06-24 09:58:48.386 +01:00 [INF] HTTP OPTIONS /api/admin/users responded 204 in 0.0346 ms
2026-06-24 09:58:48.433 +01:00 [INF] HTTP GET /api/admin/users responded 200 in 43.3859 ms
2026-06-24 09:58:49.974 +01:00 [INF] HTTP OPTIONS /api/auth/switch-user-by-oid responded 204 in 0.0481 ms
2026-06-24 09:58:50.030 +01:00 [INF] HTTP POST /api/auth/switch-user-by-oid responded 200 in 50.7731 ms
2026-06-24 09:58:50.035 +01:00 [INF] HTTP OPTIONS /api/me responded 204 in 0.0185 ms
2026-06-24 09:58:50.052 +01:00 [INF] HTTP GET /api/me responded 200 in 16.9227 ms
2026-06-24 09:59:05.434 +01:00 [INF] HTTP GET /api/messages responded 200 in 43.7480 ms
2026-06-24 09:59:05.448 +01:00 [INF] HTTP GET /api/messages responded 200 in 11.2653 ms
2026-06-24 09:59:17.299 +01:00 [INF] HTTP PUT /api/messages/f1778787-2750-4fd4-b709-68bde4b0133f/read responded 200 in 15.5271 ms
2026-06-24 09:59:19.601 +01:00 [INF] HTTP PUT /api/messages/f1778787-2750-4fd4-b709-68bde4b0133f/read responded 200 in 28.8538 ms
2026-06-24 09:59:36.310 +01:00 [INF] HTTP OPTIONS /api/me responded 204 in 0.0200 ms
2026-06-24 09:59:36.323 +01:00 [INF] HTTP GET /api/me responded 200 in 11.7403 ms
2026-06-24 09:59:36.342 +01:00 [INF] HTTP OPTIONS /api/notifications/push/public-key responded 204 in 0.0205 ms
2026-06-24 09:59:36.349 +01:00 [INF] HTTP GET /api/announcements responded 200 in 13.3058 ms
2026-06-24 09:59:36.350 +01:00 [WRN] VAPID Keys not fully configured. Using auto-generated fallback keys. PUBLIC KEY: BAEr0zIFWJptMd9xjpqmQdKQieuQ3mvQDUfHlkMhsBExQM8isD3TO6f0zt7mlQFwPDar-dgdWPXQcqBjF66w-BU
2026-06-24 09:59:36.351 +01:00 [INF] HTTP GET /api/notifications/push/public-key responded 200 in 7.9553 ms
2026-06-24 09:59:36.353 +01:00 [INF] HTTP OPTIONS /api/notifications/push/subscribe responded 204 in 0.0166 ms
2026-06-24 09:59:36.362 +01:00 [WRN] VAPID Keys not fully configured. Using auto-generated fallback keys. PUBLIC KEY: BAEr0zIFWJptMd9xjpqmQdKQieuQ3mvQDUfHlkMhsBExQM8isD3TO6f0zt7mlQFwPDar-dgdWPXQcqBjF66w-BU
2026-06-24 09:59:36.368 +01:00 [INF] HTTP POST /api/notifications/push/subscribe responded 200 in 14.8618 ms
2026-06-24 09:59:49.141 +01:00 [INF] HTTP GET /api/announcements/c701d089-b127-440a-95ac-efec16883293 responded 200 in 19.3439 ms
2026-06-24 09:59:59.368 +01:00 [INF] HTTP GET /api/announcements responded 200 in 26.7180 ms
2026-06-24 10:00:04.651 +01:00 [INF] HTTP GET /api/self-service/registration-summary responded 200 in 302.8880 ms
2026-06-24 10:33:10.009 +01:00 [INF] HTTP OPTIONS /api/me responded 204 in 0.0176 ms
2026-06-24 10:33:10.134 +01:00 [INF] HTTP GET /api/me responded 200 in 120.3500 ms
2026-06-24 10:33:10.147 +01:00 [INF] HTTP GET /api/me responded 200 in 12.1055 ms
2026-06-24 10:33:10.165 +01:00 [INF] HTTP OPTIONS /api/notifications/push/public-key responded 204 in 0.0203 ms
2026-06-24 10:33:10.178 +01:00 [WRN] VAPID Keys not fully configured. Using auto-generated fallback keys. PUBLIC KEY: BAEr0zIFWJptMd9xjpqmQdKQieuQ3mvQDUfHlkMhsBExQM8isD3TO6f0zt7mlQFwPDar-dgdWPXQcqBjF66w-BU
2026-06-24 10:33:10.178 +01:00 [INF] HTTP GET /api/notifications/push/public-key responded 200 in 12.2341 ms
2026-06-24 10:33:10.180 +01:00 [INF] HTTP OPTIONS /api/notifications/push/subscribe responded 204 in 0.0540 ms
2026-06-24 10:33:10.190 +01:00 [WRN] VAPID Keys not fully configured. Using auto-generated fallback keys. PUBLIC KEY: BAEr0zIFWJptMd9xjpqmQdKQieuQ3mvQDUfHlkMhsBExQM8isD3TO6f0zt7mlQFwPDar-dgdWPXQcqBjF66w-BU
2026-06-24 10:33:10.194 +01:00 [INF] HTTP OPTIONS /api/timetable/lecturers responded 204 in 0.0058 ms
2026-06-24 10:33:10.194 +01:00 [INF] HTTP OPTIONS /api/lecture-sessions responded 204 in 0.0055 ms
2026-06-24 10:33:10.194 +01:00 [INF] HTTP OPTIONS /api/admin/sessions responded 204 in 0.0183 ms
2026-06-24 10:33:10.213 +01:00 [WRN] VAPID Keys not fully configured. Using auto-generated fallback keys. PUBLIC KEY: BAEr0zIFWJptMd9xjpqmQdKQieuQ3mvQDUfHlkMhsBExQM8isD3TO6f0zt7mlQFwPDar-dgdWPXQcqBjF66w-BU
2026-06-24 10:33:10.213 +01:00 [INF] HTTP GET /api/notifications/push/public-key responded 200 in 8.9619 ms
2026-06-24 10:33:10.214 +01:00 [INF] HTTP POST /api/notifications/push/subscribe responded 200 in 33.5276 ms
2026-06-24 10:33:10.222 +01:00 [INF] HTTP GET /api/timetable/lecturers responded 403 in 26.0864 ms
2026-06-24 10:33:10.224 +01:00 [WRN] VAPID Keys not fully configured. Using auto-generated fallback keys. PUBLIC KEY: BAEr0zIFWJptMd9xjpqmQdKQieuQ3mvQDUfHlkMhsBExQM8isD3TO6f0zt7mlQFwPDar-dgdWPXQcqBjF66w-BU
2026-06-24 10:33:10.226 +01:00 [INF] HTTP GET /api/admin/sessions responded 200 in 30.2432 ms
2026-06-24 10:33:10.230 +01:00 [INF] HTTP POST /api/notifications/push/subscribe responded 200 in 15.4581 ms
2026-06-24 10:33:10.236 +01:00 [INF] HTTP GET /api/lecture-sessions responded 403 in 39.7898 ms
2026-06-24 10:33:10.556 +01:00 [INF] HTTP GET /api/self-service/registration-summary responded 200 in 395.7991 ms
2026-06-24 10:39:43.202 +01:00 [INF] HTTP OPTIONS /api/gradebook/my-dashboard responded 204 in 0.0192 ms
2026-06-24 10:39:43.353 +01:00 [INF] HTTP GET /api/gradebook/my-dashboard responded 200 in 150.4010 ms
2026-06-24 10:39:43.362 +01:00 [INF] HTTP GET /api/self-service/schedule/exams responded 499 in 153.5268 ms
2026-06-24 10:39:43.401 +01:00 [INF] HTTP GET /api/self-service/schedule responded 200 in 42.3595 ms
2026-06-24 10:39:43.402 +01:00 [INF] HTTP GET /api/self-service/schedule/exams responded 200 in 41.1687 ms
2026-06-24 10:39:43.400 +01:00 [ERR] An unhandled exception has occurred while executing the request.
Microsoft.Data.SqlClient.SqlException (0x80131904): A severe error occurred on the current command.  The results, if any, should be discarded.
Operation cancelled by user.
   at System.Threading.Tasks.ContinuationResultTaskFromResultTask`2.InnerInvoke()
   at System.Threading.ExecutionContext.RunInternal(ExecutionContext executionContext, ContextCallback callback, Object state)
--- End of stack trace from previous location ---
   at System.Threading.ExecutionContext.RunInternal(ExecutionContext executionContext, ContextCallback callback, Object state)
   at System.Threading.Tasks.Task.ExecuteWithThreadLocal(Task& currentTaskSlot, Thread threadPoolThread)
--- End of stack trace from previous location ---
   at Microsoft.EntityFrameworkCore.Storage.RelationalCommand.ExecuteReaderAsync(RelationalCommandParameterObject parameterObject, CancellationToken cancellationToken)
   at Microsoft.EntityFrameworkCore.Storage.RelationalCommand.ExecuteReaderAsync(RelationalCommandParameterObject parameterObject, CancellationToken cancellationToken)
   at Microsoft.EntityFrameworkCore.Query.Internal.SingleQueryingEnumerable`1.AsyncEnumerator.InitializeReaderAsync(AsyncEnumerator enumerator, CancellationToken cancellationToken)
   at Microsoft.EntityFrameworkCore.Storage.ExecutionStrategy.<>c__DisplayClass30_0`2.<<ExecuteAsync>b__0>d.MoveNext()
--- End of stack trace from previous location ---
   at Microsoft.EntityFrameworkCore.Storage.ExecutionStrategy.ExecuteImplementationAsync[TState,TResult](Func`4 operation, Func`4 verifySucceeded, TState state, CancellationToken cancellationToken)
   at Microsoft.EntityFrameworkCore.Storage.ExecutionStrategy.ExecuteImplementationAsync[TState,TResult](Func`4 operation, Func`4 verifySucceeded, TState state, CancellationToken cancellationToken)
   at Microsoft.EntityFrameworkCore.Storage.ExecutionStrategy.ExecuteAsync[TState,TResult](TState state, Func`4 operation, Func`4 verifySucceeded, CancellationToken cancellationToken)
   at Microsoft.EntityFrameworkCore.Query.Internal.SingleQueryingEnumerable`1.AsyncEnumerator.MoveNextAsync()
   at Microsoft.EntityFrameworkCore.EntityFrameworkQueryableExtensions.ToListAsync[TSource](IQueryable`1 source, CancellationToken cancellationToken)
   at Microsoft.EntityFrameworkCore.EntityFrameworkQueryableExtensions.ToListAsync[TSource](IQueryable`1 source, CancellationToken cancellationToken)
   at LMS.Api.Services.ScheduleService.GetStudentScheduleAsync(Guid studentId, Guid academicSessionId, CancellationToken ct) in /Users/mac/Apps/LMS APP/LMSApi/Services/ScheduleService.cs:line 60
   at LMS.Api.Endpoints.SelfService.GetStudentScheduleEndpoint.HandleAsync(CancellationToken ct) in /Users/mac/Apps/LMS APP/LMSApi/Endpoints/SelfService/ScheduleEndpoints.cs:line 61
   at FastEndpoints.Endpoint`2.ExecAsync(CancellationToken ct)
   at FastEndpoints.Endpoint`2.ExecAsync(CancellationToken ct)
   at Microsoft.AspNetCore.Authorization.AuthorizationMiddleware.Invoke(HttpContext context)
   at LMS.Api.Security.UserProvisioningMiddleware.InvokeAsync(HttpContext context, LmsDbContext dbContext, IConfiguration configuration) in /Users/mac/Apps/LMS APP/LMSApi/Security/UserProvisioningMiddleware.cs:line 177
   at LMS.Api.Security.ApiReplayPreventionMiddleware.InvokeAsync(HttpContext context) in /Users/mac/Apps/LMS APP/LMSApi/Security/ApiReplayPreventionMiddleware.cs:line 19
   at Microsoft.AspNetCore.Authentication.AuthenticationMiddleware.Invoke(HttpContext context)
   at Microsoft.AspNetCore.Diagnostics.StatusCodePagesMiddleware.Invoke(HttpContext context)
   at Microsoft.AspNetCore.Diagnostics.ExceptionHandlerMiddlewareImpl.<Invoke>g__Awaited|10_0(ExceptionHandlerMiddlewareImpl middleware, HttpContext context, Task task)
ClientConnectionId:a71ed358-cde2-47ef-ac27-bb00af48bb11
2026-06-24 10:39:43.408 +01:00 [ERR] HTTP GET /api/self-service/schedule responded 500 in 200.5449 ms
2026-06-24 10:39:56.881 +01:00 [INF] HTTP GET /api/self-service/registration-summary responded 200 in 488.1355 ms
2026-06-24 10:40:58.932 +01:00 [INF] HTTP GET /api/self-service/registration-summary responded 200 in 346.6628 ms
2026-06-24 10:40:59.102 +01:00 [INF] HTTP GET /api/self-service/registration-summary responded 200 in 165.5338 ms
2026-06-24 10:41:13.265 +01:00 [INF] HTTP OPTIONS /api/me responded 204 in 0.0217 ms
2026-06-24 10:41:13.316 +01:00 [INF] HTTP GET /api/me responded 200 in 50.0441 ms
2026-06-24 10:41:13.350 +01:00 [INF] HTTP OPTIONS /api/notifications/push/public-key responded 204 in 0.0198 ms
2026-06-24 10:41:13.358 +01:00 [WRN] VAPID Keys not fully configured. Using auto-generated fallback keys. PUBLIC KEY: BAEr0zIFWJptMd9xjpqmQdKQieuQ3mvQDUfHlkMhsBExQM8isD3TO6f0zt7mlQFwPDar-dgdWPXQcqBjF66w-BU
2026-06-24 10:41:13.358 +01:00 [INF] HTTP GET /api/notifications/push/public-key responded 200 in 7.7013 ms
2026-06-24 10:41:13.360 +01:00 [INF] HTTP OPTIONS /api/notifications/push/subscribe responded 204 in 0.0206 ms
2026-06-24 10:41:13.369 +01:00 [WRN] VAPID Keys not fully configured. Using auto-generated fallback keys. PUBLIC KEY: BAEr0zIFWJptMd9xjpqmQdKQieuQ3mvQDUfHlkMhsBExQM8isD3TO6f0zt7mlQFwPDar-dgdWPXQcqBjF66w-BU
2026-06-24 10:41:13.389 +01:00 [INF] HTTP POST /api/notifications/push/subscribe responded 200 in 27.9723 ms
2026-06-24 10:41:13.632 +01:00 [INF] HTTP GET /api/self-service/registration-summary responded 200 in 289.1241 ms
2026-06-24 10:41:13.954 +01:00 [INF] HTTP GET /api/me responded 200 in 17.2609 ms
2026-06-24 10:41:14.014 +01:00 [WRN] VAPID Keys not fully configured. Using auto-generated fallback keys. PUBLIC KEY: BAEr0zIFWJptMd9xjpqmQdKQieuQ3mvQDUfHlkMhsBExQM8isD3TO6f0zt7mlQFwPDar-dgdWPXQcqBjF66w-BU
2026-06-24 10:41:14.014 +01:00 [INF] HTTP GET /api/notifications/push/public-key responded 200 in 23.0894 ms
2026-06-24 10:41:14.024 +01:00 [WRN] VAPID Keys not fully configured. Using auto-generated fallback keys. PUBLIC KEY: BAEr0zIFWJptMd9xjpqmQdKQieuQ3mvQDUfHlkMhsBExQM8isD3TO6f0zt7mlQFwPDar-dgdWPXQcqBjF66w-BU
2026-06-24 10:41:14.032 +01:00 [INF] HTTP POST /api/notifications/push/subscribe responded 200 in 15.6510 ms
2026-06-24 10:41:14.160 +01:00 [INF] HTTP GET /api/self-service/registration-summary responded 200 in 172.2073 ms
2026-06-24 10:45:30.414 +01:00 [INF] HTTP OPTIONS /api/me responded 204 in 0.0211 ms
2026-06-24 10:45:30.485 +01:00 [INF] HTTP GET /api/me responded 200 in 67.9513 ms
2026-06-24 10:45:30.500 +01:00 [INF] HTTP OPTIONS /api/notifications/push/public-key responded 204 in 0.0175 ms
2026-06-24 10:45:30.528 +01:00 [WRN] VAPID Keys not fully configured. Using auto-generated fallback keys. PUBLIC KEY: BAEr0zIFWJptMd9xjpqmQdKQieuQ3mvQDUfHlkMhsBExQM8isD3TO6f0zt7mlQFwPDar-dgdWPXQcqBjF66w-BU
2026-06-24 10:45:30.528 +01:00 [INF] HTTP GET /api/notifications/push/public-key responded 200 in 27.1317 ms
2026-06-24 10:45:30.530 +01:00 [INF] HTTP OPTIONS /api/notifications/push/subscribe responded 204 in 0.0163 ms
2026-06-24 10:45:30.537 +01:00 [WRN] VAPID Keys not fully configured. Using auto-generated fallback keys. PUBLIC KEY: BAEr0zIFWJptMd9xjpqmQdKQieuQ3mvQDUfHlkMhsBExQM8isD3TO6f0zt7mlQFwPDar-dgdWPXQcqBjF66w-BU
2026-06-24 10:45:30.557 +01:00 [INF] HTTP POST /api/notifications/push/subscribe responded 200 in 27.3970 ms
2026-06-24 10:45:30.791 +01:00 [INF] HTTP GET /api/self-service/registration-summary responded 200 in 294.7085 ms
2026-06-24 10:45:33.944 +01:00 [INF] HTTP GET /api/announcements responded 200 in 61.7242 ms
2026-06-24 10:45:44.819 +01:00 [INF] HTTP GET /api/messages responded 200 in 52.7012 ms
2026-06-24 10:45:44.856 +01:00 [INF] HTTP GET /api/messages responded 200 in 35.1503 ms
2026-06-24 10:45:51.031 +01:00 [INF] HTTP OPTIONS /api/me responded 204 in 0.0234 ms
2026-06-24 10:45:51.074 +01:00 [INF] HTTP GET /api/me responded 200 in 42.4787 ms
2026-06-24 10:45:51.090 +01:00 [INF] HTTP OPTIONS /api/notifications/push/public-key responded 204 in 0.0153 ms
2026-06-24 10:45:51.099 +01:00 [WRN] VAPID Keys not fully configured. Using auto-generated fallback keys. PUBLIC KEY: BAEr0zIFWJptMd9xjpqmQdKQieuQ3mvQDUfHlkMhsBExQM8isD3TO6f0zt7mlQFwPDar-dgdWPXQcqBjF66w-BU
2026-06-24 10:45:51.099 +01:00 [INF] HTTP GET /api/notifications/push/public-key responded 200 in 8.7508 ms
2026-06-24 10:45:51.101 +01:00 [INF] HTTP OPTIONS /api/notifications/push/subscribe responded 204 in 0.0180 ms
2026-06-24 10:45:51.108 +01:00 [INF] HTTP GET /api/messages responded 200 in 22.3694 ms
2026-06-24 10:45:51.109 +01:00 [WRN] VAPID Keys not fully configured. Using auto-generated fallback keys. PUBLIC KEY: BAEr0zIFWJptMd9xjpqmQdKQieuQ3mvQDUfHlkMhsBExQM8isD3TO6f0zt7mlQFwPDar-dgdWPXQcqBjF66w-BU
2026-06-24 10:45:51.122 +01:00 [INF] HTTP GET /api/messages responded 200 in 10.9763 ms
2026-06-24 10:45:51.131 +01:00 [INF] HTTP POST /api/notifications/push/subscribe responded 200 in 29.5196 ms
2026-06-24 10:46:36.110 +01:00 [INF] HTTP OPTIONS /api/me responded 204 in 0.0476 ms
2026-06-24 10:46:36.197 +01:00 [INF] HTTP GET /api/me responded 200 in 85.5978 ms
2026-06-24 10:46:36.218 +01:00 [INF] HTTP OPTIONS /api/notifications/push/public-key responded 204 in 0.0177 ms
2026-06-24 10:46:36.228 +01:00 [WRN] VAPID Keys not fully configured. Using auto-generated fallback keys. PUBLIC KEY: BAEr0zIFWJptMd9xjpqmQdKQieuQ3mvQDUfHlkMhsBExQM8isD3TO6f0zt7mlQFwPDar-dgdWPXQcqBjF66w-BU
2026-06-24 10:46:36.228 +01:00 [INF] HTTP GET /api/notifications/push/public-key responded 200 in 9.2428 ms
2026-06-24 10:46:36.230 +01:00 [INF] HTTP OPTIONS /api/notifications/push/subscribe responded 204 in 0.0159 ms
2026-06-24 10:46:36.237 +01:00 [WRN] VAPID Keys not fully configured. Using auto-generated fallback keys. PUBLIC KEY: BAEr0zIFWJptMd9xjpqmQdKQieuQ3mvQDUfHlkMhsBExQM8isD3TO6f0zt7mlQFwPDar-dgdWPXQcqBjF66w-BU
2026-06-24 10:46:36.239 +01:00 [INF] HTTP GET /api/messages responded 200 in 29.8141 ms
2026-06-24 10:46:36.253 +01:00 [INF] HTTP GET /api/messages responded 200 in 11.2954 ms
2026-06-24 10:46:36.258 +01:00 [INF] HTTP POST /api/notifications/push/subscribe responded 200 in 28.5180 ms
2026-06-24 10:46:37.038 +01:00 [INF] HTTP GET /api/me responded 200 in 107.7983 ms
2026-06-24 10:46:37.112 +01:00 [WRN] VAPID Keys not fully configured. Using auto-generated fallback keys. PUBLIC KEY: BAEr0zIFWJptMd9xjpqmQdKQieuQ3mvQDUfHlkMhsBExQM8isD3TO6f0zt7mlQFwPDar-dgdWPXQcqBjF66w-BU
2026-06-24 10:46:37.112 +01:00 [INF] HTTP GET /api/notifications/push/public-key responded 200 in 34.1215 ms
2026-06-24 10:46:37.146 +01:00 [WRN] VAPID Keys not fully configured. Using auto-generated fallback keys. PUBLIC KEY: BAEr0zIFWJptMd9xjpqmQdKQieuQ3mvQDUfHlkMhsBExQM8isD3TO6f0zt7mlQFwPDar-dgdWPXQcqBjF66w-BU
2026-06-24 10:46:37.165 +01:00 [INF] HTTP POST /api/notifications/push/subscribe responded 200 in 50.9643 ms
2026-06-24 10:46:37.533 +01:00 [INF] HTTP GET /api/self-service/registration-summary responded 200 in 459.3065 ms
2026-06-24 10:47:17.742 +01:00 [INF] HTTP OPTIONS /api/me responded 204 in 0.0310 ms
2026-06-24 10:47:17.788 +01:00 [INF] HTTP GET /api/me responded 200 in 44.9904 ms
2026-06-24 10:47:17.806 +01:00 [INF] HTTP OPTIONS /api/notifications/push/public-key responded 204 in 0.0248 ms
2026-06-24 10:47:17.833 +01:00 [WRN] VAPID Keys not fully configured. Using auto-generated fallback keys. PUBLIC KEY: BAEr0zIFWJptMd9xjpqmQdKQieuQ3mvQDUfHlkMhsBExQM8isD3TO6f0zt7mlQFwPDar-dgdWPXQcqBjF66w-BU
2026-06-24 10:47:17.834 +01:00 [INF] HTTP GET /api/notifications/push/public-key responded 200 in 27.2283 ms
2026-06-24 10:47:17.835 +01:00 [INF] HTTP OPTIONS /api/notifications/push/subscribe responded 204 in 0.0205 ms
2026-06-24 10:47:17.849 +01:00 [INF] HTTP GET /api/messages responded 200 in 49.3313 ms
2026-06-24 10:47:17.863 +01:00 [WRN] VAPID Keys not fully configured. Using auto-generated fallback keys. PUBLIC KEY: BAEr0zIFWJptMd9xjpqmQdKQieuQ3mvQDUfHlkMhsBExQM8isD3TO6f0zt7mlQFwPDar-dgdWPXQcqBjF66w-BU
2026-06-24 10:47:17.879 +01:00 [INF] HTTP POST /api/notifications/push/subscribe responded 200 in 43.4580 ms
2026-06-24 10:47:17.890 +01:00 [INF] HTTP GET /api/messages responded 200 in 38.2123 ms
2026-06-24 10:47:42.382 +01:00 [INF] HTTP OPTIONS /api/fees/my-bill responded 204 in 0.0421 ms
2026-06-24 10:47:42.450 +01:00 [WRN] Compiling a query which loads related collections for more than one collection navigation, either via 'Include' or through projection, but no 'QuerySplittingBehavior' has been configured. By default, Entity Framework will use 'QuerySplittingBehavior.SingleQuery', which can potentially result in slow query performance. See https://go.microsoft.com/fwlink/?linkid=2134277 for more information. To identify the query that's triggering this warning call 'ConfigureWarnings(w => w.Throw(RelationalEventId.MultipleCollectionIncludeWarning))'.
2026-06-24 10:47:42.500 +01:00 [INF] HTTP GET /api/fees/my-bill responded 404 in 109.4650 ms
2026-06-24 10:47:43.392 +01:00 [INF] HTTP GET /api/announcements responded 200 in 51.0285 ms
2026-06-24 10:47:45.922 +01:00 [INF] HTTP GET /api/announcements/c701d089-b127-440a-95ac-efec16883293 responded 200 in 34.2729 ms
2026-06-24 10:48:03.444 +01:00 [INF] HTTP GET /api/announcements/c701d089-b127-440a-95ac-efec16883293 responded 200 in 38.0556 ms
2026-06-24 10:48:03.871 +01:00 [INF] HTTP GET /api/self-service/registration-summary responded 200 in 460.4758 ms
2026-06-24 10:48:09.775 +01:00 [INF] HTTP GET /api/messages responded 200 in 48.7531 ms
2026-06-24 10:48:09.789 +01:00 [INF] HTTP GET /api/messages responded 200 in 11.6217 ms
2026-06-24 10:48:14.573 +01:00 [INF] HTTP OPTIONS /api/me responded 204 in 0.0218 ms
2026-06-24 10:48:14.616 +01:00 [INF] HTTP GET /api/me responded 200 in 41.6864 ms
2026-06-24 10:48:25.561 +01:00 [INF] HTTP OPTIONS /api/admissions/sessions responded 204 in 0.0358 ms
2026-06-24 10:48:25.566 +01:00 [INF] HTTP OPTIONS /api/admin/admission-config/letter-templates/Undergraduate responded 204 in 0.0098 ms
2026-06-24 10:48:25.603 +01:00 [INF] Initializing Entra ID Service with TenantId: c9a98a3d-152f-4eb3-b93f-9b26fdd08495, ClientId: 84022968-6bdc-4c6b-8eab-57b75fa5d0b1, Domain: wigweuniversity.edu.ng
2026-06-24 10:48:25.603 +01:00 [INF] HTTP GET /api/admin/admission-config/letter-templates/Undergraduate responded 404 in 35.8264 ms
2026-06-24 10:48:25.604 +01:00 [INF] Entra ID Service initialized successfully
2026-06-24 10:48:25.608 +01:00 [INF] HTTP GET /api/admissions/sessions responded 200 in 42.5530 ms
2026-06-24 10:48:42.378 +01:00 [INF] HTTP OPTIONS /api/me responded 204 in 0.0218 ms
2026-06-24 10:48:42.420 +01:00 [INF] HTTP GET /api/me responded 200 in 39.8682 ms
2026-06-24 10:48:42.447 +01:00 [INF] HTTP OPTIONS /api/admin/dashboard-stats responded 204 in 0.0211 ms
2026-06-24 10:48:42.457 +01:00 [INF] HTTP OPTIONS /api/notifications/push/public-key responded 204 in 0.0168 ms
2026-06-24 10:48:42.467 +01:00 [WRN] VAPID Keys not fully configured. Using auto-generated fallback keys. PUBLIC KEY: BAEr0zIFWJptMd9xjpqmQdKQieuQ3mvQDUfHlkMhsBExQM8isD3TO6f0zt7mlQFwPDar-dgdWPXQcqBjF66w-BU
2026-06-24 10:48:42.467 +01:00 [INF] HTTP GET /api/notifications/push/public-key responded 200 in 9.7822 ms
2026-06-24 10:48:42.469 +01:00 [INF] HTTP OPTIONS /api/notifications/push/subscribe responded 204 in 0.0203 ms
2026-06-24 10:48:42.478 +01:00 [WRN] VAPID Keys not fully configured. Using auto-generated fallback keys. PUBLIC KEY: BAEr0zIFWJptMd9xjpqmQdKQieuQ3mvQDUfHlkMhsBExQM8isD3TO6f0zt7mlQFwPDar-dgdWPXQcqBjF66w-BU
2026-06-24 10:48:42.498 +01:00 [INF] HTTP POST /api/notifications/push/subscribe responded 200 in 28.4980 ms
2026-06-24 10:48:42.518 +01:00 [INF] HTTP GET /api/admin/dashboard-stats responded 200 in 66.8051 ms
2026-06-24 10:48:50.485 +01:00 [INF] HTTP OPTIONS /api/admin/audit-logs responded 204 in 0.0349 ms
2026-06-24 10:48:50.615 +01:00 [INF] HTTP GET /api/admin/audit-logs responded 200 in 129.4892 ms
2026-06-24 10:49:17.066 +01:00 [INF] HTTP OPTIONS /api/admin/dashboard-stats responded 204 in 0.0381 ms
2026-06-24 10:49:17.138 +01:00 [INF] HTTP GET /api/admin/dashboard-stats responded 200 in 69.7126 ms
2026-06-24 10:49:18.383 +01:00 [INF] HTTP OPTIONS /api/notifications/push/public-key responded 204 in 0.0255 ms
2026-06-24 10:49:18.414 +01:00 [WRN] VAPID Keys not fully configured. Using auto-generated fallback keys. PUBLIC KEY: BAEr0zIFWJptMd9xjpqmQdKQieuQ3mvQDUfHlkMhsBExQM8isD3TO6f0zt7mlQFwPDar-dgdWPXQcqBjF66w-BU
2026-06-24 10:49:18.414 +01:00 [INF] HTTP GET /api/notifications/push/public-key responded 200 in 27.9904 ms
2026-06-24 10:49:18.416 +01:00 [INF] HTTP OPTIONS /api/notifications/push/subscribe responded 204 in 0.0219 ms
2026-06-24 10:49:18.425 +01:00 [WRN] VAPID Keys not fully configured. Using auto-generated fallback keys. PUBLIC KEY: BAEr0zIFWJptMd9xjpqmQdKQieuQ3mvQDUfHlkMhsBExQM8isD3TO6f0zt7mlQFwPDar-dgdWPXQcqBjF66w-BU
2026-06-24 10:49:18.440 +01:00 [INF] HTTP POST /api/notifications/push/subscribe responded 200 in 24.1083 ms
2026-06-24 10:49:18.456 +01:00 [INF] HTTP GET /api/admin/dashboard-stats responded 200 in 77.7923 ms
2026-06-24 10:49:19.044 +01:00 [INF] HTTP OPTIONS /api/me responded 204 in 0.0205 ms
2026-06-24 10:49:19.113 +01:00 [WRN] VAPID Keys not fully configured. Using auto-generated fallback keys. PUBLIC KEY: BAEr0zIFWJptMd9xjpqmQdKQieuQ3mvQDUfHlkMhsBExQM8isD3TO6f0zt7mlQFwPDar-dgdWPXQcqBjF66w-BU
2026-06-24 10:49:19.113 +01:00 [INF] HTTP GET /api/notifications/push/public-key responded 200 in 35.7002 ms
2026-06-24 10:49:19.141 +01:00 [WRN] VAPID Keys not fully configured. Using auto-generated fallback keys. PUBLIC KEY: BAEr0zIFWJptMd9xjpqmQdKQieuQ3mvQDUfHlkMhsBExQM8isD3TO6f0zt7mlQFwPDar-dgdWPXQcqBjF66w-BU
2026-06-24 10:49:19.159 +01:00 [INF] HTTP POST /api/notifications/push/subscribe responded 200 in 44.3610 ms
2026-06-24 10:49:19.746 +01:00 [INF] HTTP OPTIONS /api/admin/admission-config/letter-templates/Undergraduate responded 204 in 0.0521 ms
2026-06-24 10:49:19.746 +01:00 [INF] HTTP OPTIONS /api/admissions/sessions responded 204 in 0.0154 ms
2026-06-24 10:49:19.781 +01:00 [INF] HTTP GET /api/admin/admission-config/letter-templates/Undergraduate responded 404 in 33.6338 ms
2026-06-24 10:49:19.782 +01:00 [INF] Initializing Entra ID Service with TenantId: c9a98a3d-152f-4eb3-b93f-9b26fdd08495, ClientId: 84022968-6bdc-4c6b-8eab-57b75fa5d0b1, Domain: wigweuniversity.edu.ng
2026-06-24 10:49:19.783 +01:00 [INF] Entra ID Service initialized successfully
2026-06-24 10:49:19.791 +01:00 [INF] HTTP GET /api/admissions/sessions responded 200 in 41.5369 ms
2026-06-24 11:07:57.414 +01:00 [INF] Sessions already seeded. Skipping.
2026-06-24 11:07:57.442 +01:00 [INF] Faculties already seeded. Skipping.
2026-06-24 11:07:57.454 +01:00 [INF] Departments already seeded. Skipping.
2026-06-24 11:07:57.469 +01:00 [INF] Programs already seeded. Skipping.
2026-06-24 11:07:57.517 +01:00 [INF] Lecturer john.doe@wigweuniversity.edu.ng already exists. Skipping.
2026-06-24 11:07:57.521 +01:00 [INF] Lecturer jane.smith@wigweuniversity.edu.ng already exists. Skipping.
2026-06-24 11:07:57.544 +01:00 [INF] All document types already exist. Skipping.
2026-06-24 11:07:57.555 +01:00 [INF] Sponsors already seeded. Skipping.
2026-06-24 11:07:57.565 +01:00 [INF] Subjects already seeded. Skipping.
2026-06-24 11:07:57.576 +01:00 [INF] Countries already seeded. Skipping.
2026-06-24 11:07:57.587 +01:00 [INF] Grading scales already seeded. Skipping.
2026-06-24 11:07:57.597 +01:00 [INF] Credit transfer rules already seeded. Skipping.
2026-06-24 11:07:57.608 +01:00 [INF] Program credit mappings already seeded. Skipping.
2026-06-24 11:07:57.724 +01:00 [INF] Seeding Course Offerings from active curricula for session 2025/2026...
2026-06-24 11:07:57.743 +01:00 [INF] All course offerings already exist for session 2025/2026.
2026-06-24 11:07:57.752 +01:00 [INF] Database initialization completed successfully.
2026-06-24 11:07:57.803 +01:00 [INF] Initializing Entra ID Service with TenantId: c9a98a3d-152f-4eb3-b93f-9b26fdd08495, ClientId: 84022968-6bdc-4c6b-8eab-57b75fa5d0b1, Domain: wigweuniversity.edu.ng
2026-06-24 11:07:57.818 +01:00 [INF] Entra ID Service initialized successfully
2026-06-24 11:07:57.897 +01:00 [WRN] VAPID Keys not fully configured. Using auto-generated fallback keys. PUBLIC KEY: BKixGg6ewittSDMeuVM0LFbQlr9-WPT10R3FVZHpvRoluakWynwIWWeemQyT_YtmC5z2zrJkf1W9cLY9kNKvYKg
2026-06-24 11:07:57.955 +01:00 [INF] Registered 318 endpoints in 2,291 milliseconds.
2026-06-24 11:07:57.980 +01:00 [INF] Now listening on: http://0.0.0.0:5021
2026-06-24 11:07:57.980 +01:00 [INF] Application started. Press Ctrl+C to shut down.
2026-06-24 11:07:57.980 +01:00 [INF] Hosting environment: Development
2026-06-24 11:07:57.980 +01:00 [INF] Content root path: /Users/mac/Apps/LMS APP/LMSApi
2026-06-24 11:11:44.652 +01:00 [INF] HTTP OPTIONS /api/me responded 204 in 1.9472 ms
2026-06-24 11:11:46.629 +01:00 [INF] HTTP GET /api/me responded 200 in 1960.7223 ms
2026-06-24 11:11:46.660 +01:00 [INF] HTTP OPTIONS /api/admin/dashboard-stats responded 204 in 0.4783 ms
2026-06-24 11:11:46.679 +01:00 [INF] HTTP OPTIONS /api/notifications/push/public-key responded 204 in 0.0908 ms
2026-06-24 11:11:46.741 +01:00 [WRN] VAPID Keys not fully configured. Using auto-generated fallback keys. PUBLIC KEY: BKixGg6ewittSDMeuVM0LFbQlr9-WPT10R3FVZHpvRoluakWynwIWWeemQyT_YtmC5z2zrJkf1W9cLY9kNKvYKg
2026-06-24 11:11:46.743 +01:00 [INF] HTTP GET /api/notifications/push/public-key responded 200 in 62.5672 ms
2026-06-24 11:11:46.745 +01:00 [INF] HTTP OPTIONS /api/notifications/push/subscribe responded 204 in 0.0745 ms
2026-06-24 11:11:46.785 +01:00 [WRN] VAPID Keys not fully configured. Using auto-generated fallback keys. PUBLIC KEY: BKixGg6ewittSDMeuVM0LFbQlr9-WPT10R3FVZHpvRoluakWynwIWWeemQyT_YtmC5z2zrJkf1W9cLY9kNKvYKg
2026-06-24 11:11:46.865 +01:00 [INF] HTTP POST /api/notifications/push/subscribe responded 200 in 119.2813 ms
2026-06-24 11:11:46.921 +01:00 [INF] HTTP GET /api/admin/dashboard-stats responded 200 in 255.1611 ms
2026-06-24 11:13:25.074 +01:00 [INF] HTTP OPTIONS /api/registry/stats responded 204 in 0.2377 ms
2026-06-24 11:13:25.200 +01:00 [INF] HTTP GET /api/registry/stats responded 200 in 121.6438 ms
2026-06-24 11:13:33.885 +01:00 [INF] HTTP OPTIONS /api/admissions/applications responded 204 in 0.1130 ms
2026-06-24 11:13:33.885 +01:00 [INF] HTTP OPTIONS /api/admissions/applications responded 204 in 0.0966 ms
2026-06-24 11:13:33.929 +01:00 [INF] Initializing Entra ID Service with TenantId: c9a98a3d-152f-4eb3-b93f-9b26fdd08495, ClientId: 84022968-6bdc-4c6b-8eab-57b75fa5d0b1, Domain: wigweuniversity.edu.ng
2026-06-24 11:13:33.929 +01:00 [INF] Initializing Entra ID Service with TenantId: c9a98a3d-152f-4eb3-b93f-9b26fdd08495, ClientId: 84022968-6bdc-4c6b-8eab-57b75fa5d0b1, Domain: wigweuniversity.edu.ng
2026-06-24 11:13:33.929 +01:00 [INF] Entra ID Service initialized successfully
2026-06-24 11:13:33.929 +01:00 [INF] Entra ID Service initialized successfully
2026-06-24 11:13:34.172 +01:00 [INF] HTTP GET /api/admissions/applications responded 200 in 283.2467 ms
2026-06-24 11:13:34.172 +01:00 [INF] HTTP GET /api/admissions/applications responded 200 in 283.2469 ms
2026-06-24 11:13:36.586 +01:00 [INF] HTTP OPTIONS /api/admissions/letter-templates/Undergraduate responded 204 in 0.3592 ms
2026-06-24 11:13:36.586 +01:00 [INF] HTTP OPTIONS /api/admissions/sessions responded 204 in 0.3231 ms
2026-06-24 11:13:36.641 +01:00 [INF] Initializing Entra ID Service with TenantId: c9a98a3d-152f-4eb3-b93f-9b26fdd08495, ClientId: 84022968-6bdc-4c6b-8eab-57b75fa5d0b1, Domain: wigweuniversity.edu.ng
2026-06-24 11:13:36.642 +01:00 [INF] Entra ID Service initialized successfully
2026-06-24 11:13:36.658 +01:00 [INF] HTTP GET /api/admissions/sessions responded 200 in 64.5821 ms
2026-06-24 11:13:36.674 +01:00 [INF] HTTP GET /api/admissions/letter-templates/Undergraduate responded 200 in 80.5814 ms
2026-06-24 11:29:16.819 +01:00 [INF] HTTP OPTIONS /api/admissions/letter-templates responded 204 in 0.5166 ms
2026-06-24 11:29:17.079 +01:00 [INF] HTTP POST /api/admissions/letter-templates responded 200 in 255.8614 ms
2026-06-24 11:29:21.507 +01:00 [INF] HTTP OPTIONS /api/me responded 204 in 0.1242 ms
2026-06-24 11:29:21.574 +01:00 [INF] HTTP GET /api/me responded 200 in 66.0857 ms
2026-06-24 11:29:21.597 +01:00 [INF] HTTP OPTIONS /api/admissions/letter-templates/Undergraduate responded 204 in 0.0208 ms
2026-06-24 11:29:21.597 +01:00 [INF] HTTP OPTIONS /api/admissions/sessions responded 204 in 0.0705 ms
2026-06-24 11:29:21.621 +01:00 [INF] HTTP OPTIONS /api/notifications/push/public-key responded 204 in 0.0825 ms
2026-06-24 11:29:21.645 +01:00 [INF] Initializing Entra ID Service with TenantId: c9a98a3d-152f-4eb3-b93f-9b26fdd08495, ClientId: 84022968-6bdc-4c6b-8eab-57b75fa5d0b1, Domain: wigweuniversity.edu.ng
2026-06-24 11:29:21.646 +01:00 [INF] HTTP GET /api/admissions/letter-templates/Undergraduate responded 200 in 48.0711 ms
2026-06-24 11:29:21.646 +01:00 [INF] Entra ID Service initialized successfully
2026-06-24 11:29:21.653 +01:00 [INF] HTTP GET /api/admissions/sessions responded 200 in 55.5361 ms
2026-06-24 11:29:21.673 +01:00 [WRN] VAPID Keys not fully configured. Using auto-generated fallback keys. PUBLIC KEY: BKixGg6ewittSDMeuVM0LFbQlr9-WPT10R3FVZHpvRoluakWynwIWWeemQyT_YtmC5z2zrJkf1W9cLY9kNKvYKg
2026-06-24 11:29:21.673 +01:00 [INF] HTTP GET /api/notifications/push/public-key responded 200 in 50.4071 ms
2026-06-24 11:29:21.675 +01:00 [INF] HTTP OPTIONS /api/notifications/push/subscribe responded 204 in 0.0522 ms
2026-06-24 11:29:21.707 +01:00 [WRN] VAPID Keys not fully configured. Using auto-generated fallback keys. PUBLIC KEY: BKixGg6ewittSDMeuVM0LFbQlr9-WPT10R3FVZHpvRoluakWynwIWWeemQyT_YtmC5z2zrJkf1W9cLY9kNKvYKg
2026-06-24 11:29:21.782 +01:00 [INF] HTTP POST /api/notifications/push/subscribe responded 200 in 106.6957 ms
2026-06-24 11:32:25.254 +01:00 [INF] Sessions already seeded. Skipping.
2026-06-24 11:32:25.281 +01:00 [INF] Faculties already seeded. Skipping.
2026-06-24 11:32:25.294 +01:00 [INF] Departments already seeded. Skipping.
2026-06-24 11:32:25.311 +01:00 [INF] Programs already seeded. Skipping.
2026-06-24 11:32:25.385 +01:00 [INF] Lecturer john.doe@wigweuniversity.edu.ng already exists. Skipping.
2026-06-24 11:32:25.390 +01:00 [INF] Lecturer jane.smith@wigweuniversity.edu.ng already exists. Skipping.
2026-06-24 11:32:25.423 +01:00 [INF] All document types already exist. Skipping.
2026-06-24 11:32:25.439 +01:00 [INF] Sponsors already seeded. Skipping.
2026-06-24 11:32:25.456 +01:00 [INF] Subjects already seeded. Skipping.
2026-06-24 11:32:25.474 +01:00 [INF] Countries already seeded. Skipping.
2026-06-24 11:32:25.489 +01:00 [INF] Grading scales already seeded. Skipping.
2026-06-24 11:32:25.504 +01:00 [INF] Credit transfer rules already seeded. Skipping.
2026-06-24 11:32:25.519 +01:00 [INF] Program credit mappings already seeded. Skipping.
2026-06-24 11:32:25.665 +01:00 [INF] Seeding Course Offerings from active curricula for session 2025/2026...
2026-06-24 11:32:25.739 +01:00 [INF] All course offerings already exist for session 2025/2026.
2026-06-24 11:32:25.753 +01:00 [INF] Database initialization completed successfully.
2026-06-24 11:32:25.830 +01:00 [INF] Initializing Entra ID Service with TenantId: c9a98a3d-152f-4eb3-b93f-9b26fdd08495, ClientId: 84022968-6bdc-4c6b-8eab-57b75fa5d0b1, Domain: wigweuniversity.edu.ng
2026-06-24 11:32:25.855 +01:00 [INF] Entra ID Service initialized successfully
2026-06-24 11:32:25.957 +01:00 [WRN] VAPID Keys not fully configured. Using auto-generated fallback keys. PUBLIC KEY: BE9dxYatOHg-_6zHkoPwD6aJqosSa9pnc-OMK7TgRcU_snwLTljebg8tdKseIEs3FjO5FaRdOBXoOP-fIAwR-OY
2026-06-24 11:32:26.030 +01:00 [INF] Registered 318 endpoints in 2,621 milliseconds.
2026-06-24 11:32:26.063 +01:00 [INF] Now listening on: http://0.0.0.0:5021
2026-06-24 11:32:26.063 +01:00 [INF] Application started. Press Ctrl+C to shut down.
2026-06-24 11:32:26.063 +01:00 [INF] Hosting environment: Development
2026-06-24 11:32:26.063 +01:00 [INF] Content root path: /Users/mac/Apps/LMS APP/LMSApi
2026-06-24 11:32:57.903 +01:00 [INF] HTTP OPTIONS /api/me responded 204 in 1.9577 ms
2026-06-24 11:32:57.903 +01:00 [INF] HTTP OPTIONS /api/me responded 204 in 1.9775 ms
2026-06-24 11:32:59.092 +01:00 [INF] HTTP GET /api/me responded 200 in 1179.9498 ms
2026-06-24 11:32:59.128 +01:00 [INF] HTTP GET /api/me responded 200 in 34.8418 ms
2026-06-24 11:32:59.153 +01:00 [INF] HTTP OPTIONS /api/admissions/letter-templates/Undergraduate responded 204 in 0.3830 ms
2026-06-24 11:32:59.154 +01:00 [INF] HTTP OPTIONS /api/admissions/sessions responded 204 in 0.1144 ms
2026-06-24 11:32:59.165 +01:00 [INF] HTTP OPTIONS /api/admin/dashboard-stats responded 204 in 0.0944 ms
2026-06-24 11:32:59.168 +01:00 [INF] HTTP OPTIONS /api/notifications/push/public-key responded 204 in 0.0570 ms
2026-06-24 11:32:59.236 +01:00 [INF] Initializing Entra ID Service with TenantId: c9a98a3d-152f-4eb3-b93f-9b26fdd08495, ClientId: 84022968-6bdc-4c6b-8eab-57b75fa5d0b1, Domain: wigweuniversity.edu.ng
2026-06-24 11:32:59.236 +01:00 [INF] Entra ID Service initialized successfully
2026-06-24 11:32:59.241 +01:00 [INF] HTTP GET /api/admissions/letter-templates/Undergraduate responded 200 in 83.3079 ms
2026-06-24 11:32:59.260 +01:00 [WRN] VAPID Keys not fully configured. Using auto-generated fallback keys. PUBLIC KEY: BE9dxYatOHg-_6zHkoPwD6aJqosSa9pnc-OMK7TgRcU_snwLTljebg8tdKseIEs3FjO5FaRdOBXoOP-fIAwR-OY
2026-06-24 11:32:59.261 +01:00 [INF] HTTP GET /api/admissions/sessions responded 200 in 103.3313 ms
2026-06-24 11:32:59.261 +01:00 [INF] HTTP GET /api/notifications/push/public-key responded 200 in 92.2891 ms
2026-06-24 11:32:59.264 +01:00 [INF] HTTP OPTIONS /api/notifications/push/subscribe responded 204 in 0.0578 ms
2026-06-24 11:32:59.281 +01:00 [WRN] VAPID Keys not fully configured. Using auto-generated fallback keys. PUBLIC KEY: BE9dxYatOHg-_6zHkoPwD6aJqosSa9pnc-OMK7TgRcU_snwLTljebg8tdKseIEs3FjO5FaRdOBXoOP-fIAwR-OY
2026-06-24 11:32:59.282 +01:00 [INF] HTTP GET /api/notifications/push/public-key responded 200 in 18.7914 ms
2026-06-24 11:32:59.285 +01:00 [WRN] VAPID Keys not fully configured. Using auto-generated fallback keys. PUBLIC KEY: BE9dxYatOHg-_6zHkoPwD6aJqosSa9pnc-OMK7TgRcU_snwLTljebg8tdKseIEs3FjO5FaRdOBXoOP-fIAwR-OY
2026-06-24 11:32:59.306 +01:00 [WRN] VAPID Keys not fully configured. Using auto-generated fallback keys. PUBLIC KEY: BE9dxYatOHg-_6zHkoPwD6aJqosSa9pnc-OMK7TgRcU_snwLTljebg8tdKseIEs3FjO5FaRdOBXoOP-fIAwR-OY
2026-06-24 11:32:59.466 +01:00 [INF] HTTP POST /api/notifications/push/subscribe responded 200 in 182.0988 ms
2026-06-24 11:32:59.466 +01:00 [INF] HTTP POST /api/notifications/push/subscribe responded 200 in 200.3726 ms
2026-06-24 11:32:59.624 +01:00 [INF] HTTP GET /api/admin/dashboard-stats responded 200 in 455.6576 ms
2026-06-24 11:38:12.440 +01:00 [INF] HTTP OPTIONS /api/admissions/letter-templates responded 204 in 0.4802 ms
2026-06-24 11:38:12.590 +01:00 [INF] HTTP POST /api/admissions/letter-templates responded 200 in 147.3380 ms
2026-06-24 11:41:05.697 +01:00 [INF] HTTP OPTIONS /api/admissions/letter-templates responded 204 in 0.1295 ms
2026-06-24 11:41:05.810 +01:00 [INF] HTTP POST /api/admissions/letter-templates responded 200 in 109.6233 ms
2026-06-24 11:41:47.120 +01:00 [INF] HTTP OPTIONS /api/admin/users responded 204 in 0.1428 ms
2026-06-24 11:41:47.296 +01:00 [INF] HTTP GET /api/admin/users responded 200 in 172.5579 ms
2026-06-24 11:41:57.104 +01:00 [INF] HTTP OPTIONS /api/admin/users responded 204 in 0.2842 ms
2026-06-24 11:41:57.218 +01:00 [INF] HTTP GET /api/admin/users responded 200 in 112.7585 ms
2026-06-24 11:41:58.627 +01:00 [INF] HTTP OPTIONS /api/auth/switch-user-by-oid responded 204 in 0.1190 ms
2026-06-24 11:41:58.724 +01:00 [INF] HTTP POST /api/auth/switch-user-by-oid responded 200 in 94.3810 ms
2026-06-24 11:41:58.728 +01:00 [INF] HTTP OPTIONS /api/me responded 204 in 0.0343 ms
2026-06-24 11:41:58.755 +01:00 [INF] HTTP GET /api/me responded 200 in 27.1743 ms
2026-06-24 11:42:38.588 +01:00 [WRN] The query uses the 'First'/'FirstOrDefault' operator without 'OrderBy' and filter operators. This may lead to unpredictable results.
2026-06-24 11:42:38.616 +01:00 [INF] HTTP GET /api/self-service/registration-summary responded 200 in 680.6670 ms
2026-06-24 11:43:02.147 +01:00 [INF] HTTP OPTIONS /api/gradebook/my-dashboard responded 204 in 0.2301 ms
2026-06-24 11:43:02.254 +01:00 [INF] HTTP GET /api/announcements responded 200 in 105.0807 ms
2026-06-24 11:43:02.340 +01:00 [INF] HTTP GET /api/gradebook/my-dashboard responded 200 in 190.3412 ms
2026-06-24 11:43:11.637 +01:00 [INF] HTTP OPTIONS /api/student/courses/7db1e30c-ba5a-4ffd-88fd-02c35bd8c92a responded 204 in 0.1647 ms
2026-06-24 11:43:11.766 +01:00 [INF] HTTP GET /api/student/courses/7db1e30c-ba5a-4ffd-88fd-02c35bd8c92a responded 200 in 124.5735 ms
2026-06-24 12:17:27.680 +01:00 [INF] HTTP OPTIONS /api/admissions/applications responded 204 in 2.2623 ms
2026-06-24 12:17:27.680 +01:00 [INF] HTTP OPTIONS /api/admissions/applications responded 204 in 3.1424 ms
2026-06-24 12:17:27.908 +01:00 [INF] HTTP GET /api/admissions/applications responded 403 in 214.9848 ms
2026-06-24 12:17:27.908 +01:00 [INF] HTTP GET /api/admissions/applications responded 403 in 215.3312 ms
2026-06-24 12:25:29.950 +01:00 [INF] Sessions already seeded. Skipping.
2026-06-24 12:25:29.986 +01:00 [INF] Faculties already seeded. Skipping.
2026-06-24 12:25:30.002 +01:00 [INF] Departments already seeded. Skipping.
2026-06-24 12:25:30.022 +01:00 [INF] Programs already seeded. Skipping.
2026-06-24 12:25:30.095 +01:00 [INF] Lecturer john.doe@wigweuniversity.edu.ng already exists. Skipping.
2026-06-24 12:25:30.099 +01:00 [INF] Lecturer jane.smith@wigweuniversity.edu.ng already exists. Skipping.
2026-06-24 12:25:30.122 +01:00 [INF] All document types already exist. Skipping.
2026-06-24 12:25:30.134 +01:00 [INF] Sponsors already seeded. Skipping.
2026-06-24 12:25:30.145 +01:00 [INF] Subjects already seeded. Skipping.
2026-06-24 12:25:30.159 +01:00 [INF] Countries already seeded. Skipping.
2026-06-24 12:25:30.172 +01:00 [INF] Grading scales already seeded. Skipping.
2026-06-24 12:25:30.184 +01:00 [INF] Credit transfer rules already seeded. Skipping.
2026-06-24 12:25:30.195 +01:00 [INF] Program credit mappings already seeded. Skipping.
2026-06-24 12:25:30.315 +01:00 [INF] Seeding Course Offerings from active curricula for session 2025/2026...
2026-06-24 12:25:30.336 +01:00 [INF] All course offerings already exist for session 2025/2026.
2026-06-24 12:25:30.347 +01:00 [INF] Database initialization completed successfully.
2026-06-24 12:25:30.403 +01:00 [INF] Initializing Entra ID Service with TenantId: c9a98a3d-152f-4eb3-b93f-9b26fdd08495, ClientId: 84022968-6bdc-4c6b-8eab-57b75fa5d0b1, Domain: wigweuniversity.edu.ng
2026-06-24 12:25:30.417 +01:00 [INF] Entra ID Service initialized successfully
2026-06-24 12:25:30.500 +01:00 [WRN] VAPID Keys not fully configured. Using auto-generated fallback keys. PUBLIC KEY: BPg9_HW-DS_qmwnM6jJmKT7k7VQPQ30rXjENJ7h3PKOirm68J-uwotPyGVBFu53esUgLHSJ8dgsNm2SJhGfOJ6M
2026-06-24 12:25:30.568 +01:00 [INF] Registered 318 endpoints in 2,590 milliseconds.
2026-06-24 12:25:30.599 +01:00 [INF] Now listening on: http://localhost:5021
2026-06-24 12:25:30.599 +01:00 [INF] Application started. Press Ctrl+C to shut down.
2026-06-24 12:25:30.599 +01:00 [INF] Hosting environment: Development
2026-06-24 12:25:30.599 +01:00 [INF] Content root path: /Users/mac/Apps/LMS APP/LMSApi
2026-06-24 12:27:14.583 +01:00 [INF] HTTP OPTIONS /api/me responded 204 in 4.1847 ms
2026-06-24 12:27:14.969 +01:00 [INF] HTTP GET /api/me responded 200 in 373.5723 ms
2026-06-24 12:27:15.012 +01:00 [INF] HTTP OPTIONS /api/admissions/applications responded 204 in 0.3078 ms
2026-06-24 12:27:15.012 +01:00 [INF] HTTP OPTIONS /api/admissions/applications responded 204 in 0.2691 ms
2026-06-24 12:27:15.057 +01:00 [INF] HTTP OPTIONS /api/notifications/push/public-key responded 204 in 0.0773 ms
2026-06-24 12:27:15.120 +01:00 [INF] HTTP GET /api/admissions/applications responded 403 in 103.1676 ms
2026-06-24 12:27:15.150 +01:00 [INF] HTTP GET /api/admissions/applications responded 403 in 133.3381 ms
2026-06-24 12:27:15.163 +01:00 [WRN] VAPID Keys not fully configured. Using auto-generated fallback keys. PUBLIC KEY: BPg9_HW-DS_qmwnM6jJmKT7k7VQPQ30rXjENJ7h3PKOirm68J-uwotPyGVBFu53esUgLHSJ8dgsNm2SJhGfOJ6M
2026-06-24 12:27:15.166 +01:00 [INF] HTTP GET /api/notifications/push/public-key responded 200 in 104.6818 ms
2026-06-24 12:27:15.170 +01:00 [INF] HTTP OPTIONS /api/notifications/push/subscribe responded 204 in 0.0977 ms
2026-06-24 12:27:15.199 +01:00 [WRN] VAPID Keys not fully configured. Using auto-generated fallback keys. PUBLIC KEY: BPg9_HW-DS_qmwnM6jJmKT7k7VQPQ30rXjENJ7h3PKOirm68J-uwotPyGVBFu53esUgLHSJ8dgsNm2SJhGfOJ6M
2026-06-24 12:27:15.340 +01:00 [INF] HTTP POST /api/notifications/push/subscribe responded 200 in 168.4936 ms
2026-06-24 12:27:20.129 +01:00 [INF] HTTP GET /api/me responded 200 in 898.8937 ms
2026-06-24 12:27:27.726 +01:00 [INF] HTTP OPTIONS /api/me responded 204 in 0.4538 ms
2026-06-24 12:27:27.817 +01:00 [INF] HTTP GET /api/me responded 200 in 70.3636 ms
2026-06-24 12:27:27.837 +01:00 [INF] HTTP OPTIONS /api/admin/dashboard-stats responded 204 in 0.0675 ms
2026-06-24 12:27:27.852 +01:00 [INF] HTTP OPTIONS /api/notifications/push/public-key responded 204 in 0.1100 ms
2026-06-24 12:27:27.869 +01:00 [WRN] VAPID Keys not fully configured. Using auto-generated fallback keys. PUBLIC KEY: BPg9_HW-DS_qmwnM6jJmKT7k7VQPQ30rXjENJ7h3PKOirm68J-uwotPyGVBFu53esUgLHSJ8dgsNm2SJhGfOJ6M
2026-06-24 12:27:27.869 +01:00 [INF] HTTP GET /api/notifications/push/public-key responded 200 in 16.2775 ms
2026-06-24 12:27:27.874 +01:00 [INF] HTTP OPTIONS /api/notifications/push/subscribe responded 204 in 0.0732 ms
2026-06-24 12:27:27.892 +01:00 [WRN] VAPID Keys not fully configured. Using auto-generated fallback keys. PUBLIC KEY: BPg9_HW-DS_qmwnM6jJmKT7k7VQPQ30rXjENJ7h3PKOirm68J-uwotPyGVBFu53esUgLHSJ8dgsNm2SJhGfOJ6M
2026-06-24 12:27:27.906 +01:00 [INF] HTTP POST /api/notifications/push/subscribe responded 200 in 30.9694 ms
2026-06-24 12:27:28.048 +01:00 [INF] HTTP GET /api/admin/dashboard-stats responded 200 in 208.4280 ms
2026-06-24 12:27:39.905 +01:00 [INF] HTTP OPTIONS /api/admissions/applications responded 204 in 0.2164 ms
2026-06-24 12:27:39.905 +01:00 [INF] HTTP OPTIONS /api/admissions/applications responded 204 in 0.0255 ms
2026-06-24 12:27:39.932 +01:00 [INF] Initializing Entra ID Service with TenantId: c9a98a3d-152f-4eb3-b93f-9b26fdd08495, ClientId: 84022968-6bdc-4c6b-8eab-57b75fa5d0b1, Domain: wigweuniversity.edu.ng
2026-06-24 12:27:39.932 +01:00 [INF] Initializing Entra ID Service with TenantId: c9a98a3d-152f-4eb3-b93f-9b26fdd08495, ClientId: 84022968-6bdc-4c6b-8eab-57b75fa5d0b1, Domain: wigweuniversity.edu.ng
2026-06-24 12:27:39.932 +01:00 [INF] Entra ID Service initialized successfully
2026-06-24 12:27:39.932 +01:00 [INF] Entra ID Service initialized successfully
2026-06-24 12:27:40.148 +01:00 [INF] HTTP GET /api/admissions/applications responded 200 in 241.5021 ms
2026-06-24 12:27:40.148 +01:00 [INF] HTTP GET /api/admissions/applications responded 200 in 241.4607 ms
2026-06-24 12:28:04.143 +01:00 [INF] HTTP OPTIONS /api/me responded 204 in 0.4654 ms
2026-06-24 12:28:04.176 +01:00 [INF] HTTP GET /api/me responded 200 in 30.7329 ms
2026-06-24 12:28:04.192 +01:00 [INF] HTTP OPTIONS /api/admissions/applications responded 204 in 0.0450 ms
2026-06-24 12:28:04.192 +01:00 [INF] HTTP OPTIONS /api/admissions/applications responded 204 in 0.0458 ms
2026-06-24 12:28:04.202 +01:00 [INF] HTTP OPTIONS /api/notifications/push/public-key responded 204 in 0.0584 ms
2026-06-24 12:28:04.219 +01:00 [INF] Initializing Entra ID Service with TenantId: c9a98a3d-152f-4eb3-b93f-9b26fdd08495, ClientId: 84022968-6bdc-4c6b-8eab-57b75fa5d0b1, Domain: wigweuniversity.edu.ng
2026-06-24 12:28:04.220 +01:00 [INF] Entra ID Service initialized successfully
2026-06-24 12:28:04.222 +01:00 [INF] Initializing Entra ID Service with TenantId: c9a98a3d-152f-4eb3-b93f-9b26fdd08495, ClientId: 84022968-6bdc-4c6b-8eab-57b75fa5d0b1, Domain: wigweuniversity.edu.ng
2026-06-24 12:28:04.222 +01:00 [INF] Entra ID Service initialized successfully
2026-06-24 12:28:04.230 +01:00 [INF] HTTP GET /api/admissions/applications responded 200 in 36.4889 ms
2026-06-24 12:28:04.230 +01:00 [INF] HTTP GET /api/admissions/applications responded 200 in 36.5000 ms
2026-06-24 12:28:04.261 +01:00 [WRN] VAPID Keys not fully configured. Using auto-generated fallback keys. PUBLIC KEY: BPg9_HW-DS_qmwnM6jJmKT7k7VQPQ30rXjENJ7h3PKOirm68J-uwotPyGVBFu53esUgLHSJ8dgsNm2SJhGfOJ6M
2026-06-24 12:28:04.262 +01:00 [INF] HTTP GET /api/notifications/push/public-key responded 200 in 58.7996 ms
2026-06-24 12:28:04.264 +01:00 [INF] HTTP OPTIONS /api/notifications/push/subscribe responded 204 in 0.0540 ms
2026-06-24 12:28:04.278 +01:00 [WRN] VAPID Keys not fully configured. Using auto-generated fallback keys. PUBLIC KEY: BPg9_HW-DS_qmwnM6jJmKT7k7VQPQ30rXjENJ7h3PKOirm68J-uwotPyGVBFu53esUgLHSJ8dgsNm2SJhGfOJ6M
2026-06-24 12:28:04.296 +01:00 [INF] HTTP POST /api/notifications/push/subscribe responded 200 in 31.9446 ms
2026-06-24 12:37:34.172 +01:00 [INF] HTTP OPTIONS /api/me responded 204 in 2.2825 ms
2026-06-24 12:37:34.262 +01:00 [INF] HTTP GET /api/me responded 200 in 80.4288 ms
2026-06-24 12:37:34.279 +01:00 [INF] HTTP OPTIONS /api/admissions/applications responded 204 in 0.0556 ms
2026-06-24 12:37:34.279 +01:00 [INF] HTTP OPTIONS /api/admissions/applications responded 204 in 0.0315 ms
2026-06-24 12:37:34.296 +01:00 [INF] HTTP OPTIONS /api/notifications/push/public-key responded 204 in 0.0562 ms
2026-06-24 12:37:34.303 +01:00 [INF] Initializing Entra ID Service with TenantId: c9a98a3d-152f-4eb3-b93f-9b26fdd08495, ClientId: 84022968-6bdc-4c6b-8eab-57b75fa5d0b1, Domain: wigweuniversity.edu.ng
2026-06-24 12:37:34.305 +01:00 [INF] Entra ID Service initialized successfully
2026-06-24 12:37:34.312 +01:00 [INF] Initializing Entra ID Service with TenantId: c9a98a3d-152f-4eb3-b93f-9b26fdd08495, ClientId: 84022968-6bdc-4c6b-8eab-57b75fa5d0b1, Domain: wigweuniversity.edu.ng
2026-06-24 12:37:34.313 +01:00 [INF] Entra ID Service initialized successfully
2026-06-24 12:37:34.316 +01:00 [WRN] VAPID Keys not fully configured. Using auto-generated fallback keys. PUBLIC KEY: BPg9_HW-DS_qmwnM6jJmKT7k7VQPQ30rXjENJ7h3PKOirm68J-uwotPyGVBFu53esUgLHSJ8dgsNm2SJhGfOJ6M
2026-06-24 12:37:34.316 +01:00 [INF] HTTP GET /api/notifications/push/public-key responded 200 in 19.5553 ms
2026-06-24 12:37:34.318 +01:00 [INF] HTTP OPTIONS /api/notifications/push/subscribe responded 204 in 0.0743 ms
2026-06-24 12:37:34.320 +01:00 [INF] HTTP GET /api/admissions/applications responded 200 in 40.4529 ms
2026-06-24 12:37:34.328 +01:00 [WRN] VAPID Keys not fully configured. Using auto-generated fallback keys. PUBLIC KEY: BPg9_HW-DS_qmwnM6jJmKT7k7VQPQ30rXjENJ7h3PKOirm68J-uwotPyGVBFu53esUgLHSJ8dgsNm2SJhGfOJ6M
2026-06-24 12:37:34.330 +01:00 [INF] HTTP GET /api/admissions/applications responded 200 in 50.6807 ms
2026-06-24 12:37:34.341 +01:00 [INF] HTTP POST /api/notifications/push/subscribe responded 200 in 22.7623 ms
2026-06-24 15:08:59.039 +01:00 [INF] HTTP OPTIONS /api/me responded 204 in 3.9463 ms
2026-06-24 15:08:59.066 +01:00 [INF] HTTP GET /api/me responded 200 in 24.6460 ms
2026-06-24 15:09:06.738 +01:00 [INF] HTTP OPTIONS /api/me responded 204 in 0.1378 ms
2026-06-24 15:09:06.904 +01:00 [INF] HTTP GET /api/me responded 200 in 162.7845 ms
2026-06-24 15:09:06.920 +01:00 [INF] HTTP OPTIONS /api/admin/dashboard-stats responded 204 in 0.0578 ms
2026-06-24 15:09:07.072 +01:00 [INF] HTTP GET /api/admin/dashboard-stats responded 200 in 151.6050 ms
2026-06-24 15:09:21.706 +01:00 [INF] HTTP OPTIONS /api/me responded 204 in 0.0887 ms
2026-06-24 15:09:21.738 +01:00 [INF] HTTP GET /api/me responded 200 in 29.7352 ms
2026-06-24 15:09:21.754 +01:00 [INF] HTTP OPTIONS /api/admin/dashboard-stats responded 204 in 0.0388 ms
2026-06-24 15:09:21.787 +01:00 [INF] HTTP GET /api/admin/dashboard-stats responded 200 in 32.9721 ms
2026-06-24 15:09:29.453 +01:00 [INF] HTTP OPTIONS /api/admissions/sessions responded 204 in 0.0500 ms
2026-06-24 15:09:29.455 +01:00 [INF] HTTP OPTIONS /api/admissions/letter-templates/Undergraduate responded 204 in 0.0263 ms
2026-06-24 15:09:29.470 +01:00 [INF] Initializing Entra ID Service with TenantId: c9a98a3d-152f-4eb3-b93f-9b26fdd08495, ClientId: 84022968-6bdc-4c6b-8eab-57b75fa5d0b1, Domain: wigweuniversity.edu.ng
2026-06-24 15:09:29.471 +01:00 [INF] Entra ID Service initialized successfully
2026-06-24 15:09:29.506 +01:00 [INF] HTTP GET /api/admissions/sessions responded 200 in 50.6228 ms
2026-06-24 15:09:29.547 +01:00 [INF] HTTP GET /api/admissions/letter-templates/Undergraduate responded 200 in 88.6017 ms
