2026-06-11 14:14:17.072 +01:00 [INF] Sessions already seeded. Skipping.
2026-06-11 14:14:17.100 +01:00 [INF] Faculties already seeded. Skipping.
2026-06-11 14:14:17.111 +01:00 [INF] Departments already seeded. Skipping.
2026-06-11 14:14:17.131 +01:00 [INF] Programs already seeded. Skipping.
2026-06-11 14:14:17.174 +01:00 [INF] Lecturer john.doe@wigweuniversity.edu.ng already exists. Skipping.
2026-06-11 14:14:17.181 +01:00 [INF] Lecturer jane.smith@wigweuniversity.edu.ng already exists. Skipping.
2026-06-11 14:14:17.200 +01:00 [INF] All document types already exist. Skipping.
2026-06-11 14:14:17.209 +01:00 [INF] Sponsors already seeded. Skipping.
2026-06-11 14:14:17.219 +01:00 [INF] Subjects already seeded. Skipping.
2026-06-11 14:14:17.228 +01:00 [INF] Countries already seeded. Skipping.
2026-06-11 14:14:17.238 +01:00 [INF] Grading scales already seeded. Skipping.
2026-06-11 14:14:17.249 +01:00 [INF] Credit transfer rules already seeded. Skipping.
2026-06-11 14:14:17.262 +01:00 [INF] Program credit mappings already seeded. Skipping.
2026-06-11 14:14:17.262 +01:00 [INF] Database initialization completed successfully.
2026-06-11 14:14:17.310 +01:00 [INF] Initializing Entra ID Service with TenantId: c9a98a3d-152f-4eb3-b93f-9b26fdd08495, ClientId: 84022968-6bdc-4c6b-8eab-57b75fa5d0b1, Domain: wigweuniversity.edu.ng
2026-06-11 14:14:17.333 +01:00 [INF] Entra ID Service initialized successfully
2026-06-11 14:14:17.439 +01:00 [INF] Registered 287 endpoints in 1,821 milliseconds.
2026-06-11 14:14:17.469 +01:00 [INF] Now listening on: http://localhost:5021
2026-06-11 14:14:17.469 +01:00 [INF] Application started. Press Ctrl+C to shut down.
2026-06-11 14:14:17.469 +01:00 [INF] Hosting environment: Development
2026-06-11 14:14:17.469 +01:00 [INF] Content root path: /Users/mac/Apps/LMS APP/LMSApi
2026-06-11 14:14:48.330 +01:00 [INF] HTTP OPTIONS /api/me responded 204 in 1.6268 ms
2026-06-11 14:14:49.261 +01:00 [INF] HTTP GET /api/me responded 200 in 924.5140 ms
2026-06-11 14:14:57.964 +01:00 [INF] HTTP OPTIONS /api/me responded 204 in 1.2719 ms
2026-06-11 14:14:58.209 +01:00 [INF] HTTP GET /api/me responded 200 in 243.1206 ms
2026-06-11 14:15:10.792 +01:00 [INF] HTTP OPTIONS /api/admissions/document-types responded 204 in 0.0881 ms
2026-06-11 14:15:10.795 +01:00 [INF] HTTP OPTIONS /api/admissions/document-types responded 204 in 0.0500 ms
2026-06-11 14:15:10.795 +01:00 [INF] HTTP OPTIONS /api/admissions/faculties responded 204 in 0.0657 ms
2026-06-11 14:15:10.795 +01:00 [INF] HTTP OPTIONS /api/admissions/sessions responded 204 in 0.0212 ms
2026-06-11 14:15:10.795 +01:00 [INF] HTTP OPTIONS /api/admissions/sponsors responded 204 in 0.0185 ms
2026-06-11 14:15:10.796 +01:00 [INF] HTTP OPTIONS /api/admissions/subjects responded 204 in 0.0194 ms
2026-06-11 14:15:10.797 +01:00 [INF] HTTP OPTIONS /api/countries responded 204 in 0.0370 ms
2026-06-11 14:15:10.797 +01:00 [INF] HTTP OPTIONS /api/admissions/levels responded 204 in 0.0459 ms
2026-06-11 14:15:11.337 +01:00 [INF] Initializing Entra ID Service with TenantId: c9a98a3d-152f-4eb3-b93f-9b26fdd08495, ClientId: 84022968-6bdc-4c6b-8eab-57b75fa5d0b1, Domain: wigweuniversity.edu.ng
2026-06-11 14:15:11.338 +01:00 [INF] Entra ID Service initialized successfully
2026-06-11 14:15:11.361 +01:00 [INF] Initializing Entra ID Service with TenantId: c9a98a3d-152f-4eb3-b93f-9b26fdd08495, ClientId: 84022968-6bdc-4c6b-8eab-57b75fa5d0b1, Domain: wigweuniversity.edu.ng
2026-06-11 14:15:11.361 +01:00 [INF] Entra ID Service initialized successfully
2026-06-11 14:15:11.380 +01:00 [INF] HTTP GET /api/admissions/levels responded 200 in 73.9403 ms
2026-06-11 14:15:11.382 +01:00 [INF] Initializing Entra ID Service with TenantId: c9a98a3d-152f-4eb3-b93f-9b26fdd08495, ClientId: 84022968-6bdc-4c6b-8eab-57b75fa5d0b1, Domain: wigweuniversity.edu.ng
2026-06-11 14:15:11.382 +01:00 [INF] Entra ID Service initialized successfully
2026-06-11 14:15:11.393 +01:00 [INF] HTTP GET /api/admissions/sessions responded 200 in 86.5042 ms
2026-06-11 14:15:11.401 +01:00 [INF] Initializing Entra ID Service with TenantId: c9a98a3d-152f-4eb3-b93f-9b26fdd08495, ClientId: 84022968-6bdc-4c6b-8eab-57b75fa5d0b1, Domain: wigweuniversity.edu.ng
2026-06-11 14:15:11.401 +01:00 [INF] Entra ID Service initialized successfully
2026-06-11 14:15:11.405 +01:00 [INF] Initializing Entra ID Service with TenantId: c9a98a3d-152f-4eb3-b93f-9b26fdd08495, ClientId: 84022968-6bdc-4c6b-8eab-57b75fa5d0b1, Domain: wigweuniversity.edu.ng
2026-06-11 14:15:11.405 +01:00 [INF] Entra ID Service initialized successfully
2026-06-11 14:15:11.418 +01:00 [INF] HTTP GET /api/admissions/subjects responded 200 in 112.1381 ms
2026-06-11 14:15:11.420 +01:00 [INF] HTTP GET /api/admissions/sponsors responded 200 in 114.0979 ms
2026-06-11 14:15:11.430 +01:00 [INF] HTTP GET /api/admissions/document-types responded 200 in 49.2486 ms
2026-06-11 14:15:11.430 +01:00 [INF] HTTP GET /api/admissions/document-types responded 200 in 36.3289 ms
2026-06-11 14:15:11.436 +01:00 [INF] HTTP GET /api/countries responded 200 in 129.8816 ms
2026-06-11 14:15:11.437 +01:00 [INF] HTTP GET /api/admissions/faculties responded 200 in 130.8044 ms
2026-06-11 14:15:11.450 +01:00 [INF] Initializing Entra ID Service with TenantId: c9a98a3d-152f-4eb3-b93f-9b26fdd08495, ClientId: 84022968-6bdc-4c6b-8eab-57b75fa5d0b1, Domain: wigweuniversity.edu.ng
2026-06-11 14:15:11.450 +01:00 [INF] Entra ID Service initialized successfully
2026-06-11 14:15:11.451 +01:00 [INF] HTTP GET /api/admissions/faculties responded 200 in 13.2599 ms
2026-06-11 14:15:11.454 +01:00 [INF] HTTP OPTIONS /api/admissions/programs/bcfce3d0-39a0-4bee-925c-9c3e72415672 responded 204 in 0.1074 ms
2026-06-11 14:15:11.454 +01:00 [INF] HTTP OPTIONS /api/admissions/programs/4213c64c-679e-4414-890a-98dad7c57a51 responded 204 in 0.0457 ms
2026-06-11 14:15:11.455 +01:00 [INF] HTTP OPTIONS /api/admissions/programs/ef908174-9b2e-410e-b5c6-f8284ee6507f responded 204 in 0.0365 ms
2026-06-11 14:15:11.455 +01:00 [INF] HTTP OPTIONS /api/admissions/programs/ba97ef10-f977-406a-bb41-5915607ee52f responded 204 in 0.0324 ms
2026-06-11 14:15:11.467 +01:00 [INF] Initializing Entra ID Service with TenantId: c9a98a3d-152f-4eb3-b93f-9b26fdd08495, ClientId: 84022968-6bdc-4c6b-8eab-57b75fa5d0b1, Domain: wigweuniversity.edu.ng
2026-06-11 14:15:11.468 +01:00 [INF] Entra ID Service initialized successfully
2026-06-11 14:15:11.469 +01:00 [INF] Initializing Entra ID Service with TenantId: c9a98a3d-152f-4eb3-b93f-9b26fdd08495, ClientId: 84022968-6bdc-4c6b-8eab-57b75fa5d0b1, Domain: wigweuniversity.edu.ng
2026-06-11 14:15:11.469 +01:00 [INF] Entra ID Service initialized successfully
2026-06-11 14:15:11.472 +01:00 [INF] Initializing Entra ID Service with TenantId: c9a98a3d-152f-4eb3-b93f-9b26fdd08495, ClientId: 84022968-6bdc-4c6b-8eab-57b75fa5d0b1, Domain: wigweuniversity.edu.ng
2026-06-11 14:15:11.472 +01:00 [INF] Entra ID Service initialized successfully
2026-06-11 14:15:11.473 +01:00 [INF] Initializing Entra ID Service with TenantId: c9a98a3d-152f-4eb3-b93f-9b26fdd08495, ClientId: 84022968-6bdc-4c6b-8eab-57b75fa5d0b1, Domain: wigweuniversity.edu.ng
2026-06-11 14:15:11.474 +01:00 [INF] Entra ID Service initialized successfully
2026-06-11 14:15:11.498 +01:00 [INF] HTTP GET /api/admissions/programs/ba97ef10-f977-406a-bb41-5915607ee52f responded 200 in 42.2893 ms
2026-06-11 14:15:11.498 +01:00 [INF] HTTP GET /api/admissions/programs/4213c64c-679e-4414-890a-98dad7c57a51 responded 200 in 42.3840 ms
2026-06-11 14:15:11.498 +01:00 [INF] HTTP GET /api/admissions/programs/bcfce3d0-39a0-4bee-925c-9c3e72415672 responded 200 in 42.3994 ms
2026-06-11 14:15:11.498 +01:00 [INF] HTTP GET /api/admissions/programs/ef908174-9b2e-410e-b5c6-f8284ee6507f responded 200 in 42.3486 ms
2026-06-11 14:15:20.080 +01:00 [INF] HTTP OPTIONS /api/registry/stats responded 204 in 0.1137 ms
2026-06-11 14:15:20.189 +01:00 [INF] HTTP GET /api/registry/stats responded 200 in 109.0962 ms
2026-06-11 14:15:33.692 +01:00 [INF] HTTP GET /api/messages responded 200 in 59.9316 ms
2026-06-11 14:15:36.057 +01:00 [INF] HTTP OPTIONS /api/registry/stats responded 204 in 0.1523 ms
2026-06-11 14:15:36.092 +01:00 [INF] HTTP GET /api/registry/stats responded 200 in 32.9995 ms
2026-06-11 14:15:39.654 +01:00 [INF] HTTP OPTIONS /api/timetable/lecturers responded 204 in 0.0475 ms
2026-06-11 14:15:39.654 +01:00 [INF] HTTP OPTIONS /api/admin/sessions responded 204 in 0.0145 ms
2026-06-11 14:15:39.654 +01:00 [INF] HTTP OPTIONS /api/lecture-sessions responded 204 in 0.0071 ms
2026-06-11 14:15:39.693 +01:00 [INF] HTTP GET /api/admin/sessions responded 200 in 37.9707 ms
2026-06-11 14:15:39.703 +01:00 [INF] HTTP GET /api/timetable/lecturers responded 200 in 48.3357 ms
2026-06-11 14:15:39.751 +01:00 [INF] HTTP GET /api/lecture-sessions responded 200 in 96.8164 ms
2026-06-11 14:16:38.948 +01:00 [INF] HTTP OPTIONS /api/admin/sessions responded 204 in 0.1029 ms
2026-06-11 14:16:38.958 +01:00 [INF] HTTP OPTIONS /api/lecture-sessions responded 204 in 0.0453 ms
2026-06-11 14:16:38.958 +01:00 [INF] HTTP OPTIONS /api/timetable/lecturers responded 204 in 0.0416 ms
2026-06-11 14:16:38.977 +01:00 [INF] HTTP GET /api/admin/sessions responded 200 in 18.9405 ms
2026-06-11 14:16:38.979 +01:00 [INF] HTTP GET /api/timetable/lecturers responded 200 in 19.3911 ms
2026-06-11 14:16:38.983 +01:00 [INF] HTTP GET /api/lecture-sessions responded 200 in 24.1123 ms
