2026-06-16 16:44:02.129 +01:00 [ERR] Failed executing DbCommand (24ms) [Parameters=[], CommandType='"Text"', CommandTimeout='30']
CREATE TABLE [ProgramSwitchRequests] (
    [Id] uniqueidentifier NOT NULL,
    [StudentId] uniqueidentifier NOT NULL,
    [FromProgramId] uniqueidentifier NOT NULL,
    [ToProgramId] uniqueidentifier NOT NULL,
    [Reason] nvarchar(1000) NOT NULL,
    [Status] int NOT NULL,
    [JambDocumentUrl] nvarchar(500) NULL,
    [JambDocumentFileName] nvarchar(255) NULL,
    [JambDocumentUploadedAt] datetime2 NULL,
    [HoDReviewedById] uniqueidentifier NULL,
    [HoDReviewedAt] datetime2 NULL,
    [HoDNotes] nvarchar(1000) NULL,
    [DeanReviewedById] uniqueidentifier NULL,
    [DeanReviewedAt] datetime2 NULL,
    [DeanNotes] nvarchar(1000) NULL,
    [AdminCompletedById] uniqueidentifier NULL,
    [AdminCompletedAt] datetime2 NULL,
    [AdminNotes] nvarchar(1000) NULL,
    [RejectionReason] nvarchar(1000) NULL,
    [RejectedById] uniqueidentifier NULL,
    [RejectedAt] datetime2 NULL,
    [CreatedAt] datetime2 NOT NULL,
    [UpdatedAt] datetime2 NOT NULL,
    CONSTRAINT [PK_ProgramSwitchRequests] PRIMARY KEY ([Id]),
    CONSTRAINT [FK_ProgramSwitchRequests_Programs_FromProgramId] FOREIGN KEY ([FromProgramId]) REFERENCES [Programs] ([Id]) ON DELETE NO ACTION,
    CONSTRAINT [FK_ProgramSwitchRequests_Programs_ToProgramId] FOREIGN KEY ([ToProgramId]) REFERENCES [Programs] ([Id]) ON DELETE NO ACTION,
    CONSTRAINT [FK_ProgramSwitchRequests_Students_StudentId] FOREIGN KEY ([StudentId]) REFERENCES [Students] ([Id]) ON DELETE NO ACTION,
    CONSTRAINT [FK_ProgramSwitchRequests_Users_AdminCompletedById] FOREIGN KEY ([AdminCompletedById]) REFERENCES [Users] ([Id]) ON DELETE SET NULL,
    CONSTRAINT [FK_ProgramSwitchRequests_Users_DeanReviewedById] FOREIGN KEY ([DeanReviewedById]) REFERENCES [Users] ([Id]) ON DELETE SET NULL,
    CONSTRAINT [FK_ProgramSwitchRequests_Users_HoDReviewedById] FOREIGN KEY ([HoDReviewedById]) REFERENCES [Users] ([Id]) ON DELETE SET NULL,
    CONSTRAINT [FK_ProgramSwitchRequests_Users_RejectedById] FOREIGN KEY ([RejectedById]) REFERENCES [Users] ([Id]) ON DELETE SET NULL
);
