2026-06-05 21:39:57.013 +01:00 [INF] Sessions already seeded. Skipping.
2026-06-05 21:39:57.052 +01:00 [INF] Faculties already seeded. Skipping.
2026-06-05 21:39:57.067 +01:00 [INF] Departments already seeded. Skipping.
2026-06-05 21:39:57.082 +01:00 [INF] Programs already seeded. Skipping.
2026-06-05 21:39:57.196 +01:00 [INF] Lecturer john.doe@wigweuniversity.edu.ng already exists. Skipping.
2026-06-05 21:39:57.239 +01:00 [INF] Lecturer jane.smith@wigweuniversity.edu.ng already exists. Skipping.
2026-06-05 21:39:57.272 +01:00 [INF] All document types already exist. Skipping.
2026-06-05 21:39:57.284 +01:00 [INF] Sponsors already seeded. Skipping.
2026-06-05 21:39:57.297 +01:00 [INF] Subjects already seeded. Skipping.
2026-06-05 21:39:57.313 +01:00 [INF] Countries already seeded. Skipping.
2026-06-05 21:39:57.326 +01:00 [INF] Grading scales already seeded. Skipping.
2026-06-05 21:39:57.339 +01:00 [INF] Credit transfer rules already seeded. Skipping.
2026-06-05 21:39:57.356 +01:00 [INF] Program credit mappings already seeded. Skipping.
2026-06-05 21:39:57.357 +01:00 [INF] Database initialization completed successfully.
2026-06-05 21:39:57.452 +01:00 [INF] Initializing Entra ID Service with TenantId: c9a98a3d-152f-4eb3-b93f-9b26fdd08495, ClientId: 84022968-6bdc-4c6b-8eab-57b75fa5d0b1, Domain: wigweuniversity.edu.ng
2026-06-05 21:39:57.488 +01:00 [INF] Entra ID Service initialized successfully
2026-06-05 21:39:57.680 +01:00 [INF] Registered 280 endpoints in 3,222 milliseconds.
2026-06-05 21:39:57.728 +01:00 [INF] Now listening on: http://localhost:5021
2026-06-05 21:39:57.728 +01:00 [INF] Application started. Press Ctrl+C to shut down.
2026-06-05 21:39:57.728 +01:00 [INF] Hosting environment: Development
2026-06-05 21:39:57.728 +01:00 [INF] Content root path: /Users/mac/Apps/LMS APP/LMSApi
2026-06-05 21:55:44.153 +01:00 [INF] HTTP OPTIONS /api/me responded 204 in 3.0860 ms
2026-06-05 21:55:45.773 +01:00 [INF] HTTP GET /api/me responded 200 in 1597.8386 ms
2026-06-05 21:55:49.979 +01:00 [INF] HTTP OPTIONS /api/admin/programs responded 204 in 0.5509 ms
2026-06-05 21:55:49.981 +01:00 [INF] HTTP OPTIONS /api/admin/faculties responded 204 in 0.0830 ms
2026-06-05 21:55:49.981 +01:00 [INF] HTTP OPTIONS /api/admin/sessions responded 204 in 0.1330 ms
2026-06-05 21:55:50.083 +01:00 [INF] HTTP GET /api/admin/sessions responded 200 in 99.9988 ms
2026-06-05 21:55:50.086 +01:00 [WRN] Compiling a query which loads related collections for more than one collection navigation, either via 'Include' or through projection, but no 'QuerySplittingBehavior' has been configured. By default, Entity Framework will use 'QuerySplittingBehavior.SingleQuery', which can potentially result in slow query performance. See https://go.microsoft.com/fwlink/?linkid=2134277 for more information. To identify the query that's triggering this warning call 'ConfigureWarnings(w => w.Throw(RelationalEventId.MultipleCollectionIncludeWarning))'.
2026-06-05 21:55:50.114 +01:00 [INF] HTTP GET /api/admin/faculties responded 200 in 130.9448 ms
2026-06-05 21:55:50.217 +01:00 [INF] HTTP GET /api/admin/programs responded 200 in 234.5041 ms
2026-06-05 21:56:04.299 +01:00 [INF] HTTP OPTIONS /api/course-catalog/upload responded 204 in 0.1033 ms
2026-06-05 21:56:13.092 +01:00 [WRN] Compiling a query which loads related collections for more than one collection navigation, either via 'Include' or through projection, but no 'QuerySplittingBehavior' has been configured. By default, Entity Framework will use 'QuerySplittingBehavior.SingleQuery', which can potentially result in slow query performance. See https://go.microsoft.com/fwlink/?linkid=2134277 for more information. To identify the query that's triggering this warning call 'ConfigureWarnings(w => w.Throw(RelationalEventId.MultipleCollectionIncludeWarning))'.
2026-06-05 21:56:19.911 +01:00 [INF] HTTP POST /api/course-catalog/upload responded 200 in 15602.4201 ms
2026-06-05 21:56:40.418 +01:00 [INF] HTTP OPTIONS /api/course-catalog/apply/49671a02-e5e9-4757-8d71-764048b6bcac responded 204 in 0.1676 ms
2026-06-05 21:56:45.711 +01:00 [INF] HTTP POST /api/course-catalog/apply/49671a02-e5e9-4757-8d71-764048b6bcac responded 200 in 5279.9071 ms
2026-06-05 21:57:04.494 +01:00 [INF] HTTP OPTIONS /api/admin/programs responded 204 in 0.5139 ms
2026-06-05 21:57:04.557 +01:00 [INF] HTTP GET /api/admin/programs responded 200 in 55.0322 ms
2026-06-05 21:57:04.562 +01:00 [INF] HTTP OPTIONS /api/admin/programs/475591a4-c4f6-4599-a55b-0a6ef849a98b/curricula responded 204 in 0.0850 ms
2026-06-05 21:57:04.569 +01:00 [INF] HTTP OPTIONS /api/admin/programs/71a146f4-f6e8-4578-a124-275e734319c8/curricula responded 204 in 0.1233 ms
2026-06-05 21:57:04.569 +01:00 [INF] HTTP OPTIONS /api/admin/programs/7445022a-dfc6-44e8-b1e0-156bc6bbc0af/curricula responded 204 in 0.0534 ms
2026-06-05 21:57:04.571 +01:00 [INF] HTTP OPTIONS /api/admin/programs/691be182-dd8d-4cbc-808a-2ab62c0e47a1/curricula responded 204 in 0.0411 ms
2026-06-05 21:57:04.577 +01:00 [INF] HTTP OPTIONS /api/admin/programs/8dce9db2-7f5a-494a-b782-3e6e7c6f5706/curricula responded 204 in 0.0770 ms
2026-06-05 21:57:04.578 +01:00 [INF] HTTP OPTIONS /api/admin/programs/7fc5b1d3-4458-4223-afbf-5fe041bc9d7e/curricula responded 204 in 0.0743 ms
2026-06-05 21:57:04.578 +01:00 [INF] HTTP OPTIONS /api/admin/programs/4c19e489-01a8-4471-8657-32bba084329c/curricula responded 204 in 0.0378 ms
2026-06-05 21:57:04.578 +01:00 [INF] HTTP OPTIONS /api/admin/programs/c4c45cd9-4abe-4e9a-8b34-517593f388d8/curricula responded 204 in 0.1389 ms
2026-06-05 21:57:04.578 +01:00 [INF] HTTP OPTIONS /api/admin/programs/5d83aeb2-a091-449d-967a-2f47fdb5ec19/curricula responded 204 in 1.7749 ms
2026-06-05 21:57:04.597 +01:00 [INF] HTTP OPTIONS /api/admin/programs/4744a374-4f36-49c8-a82e-6f2aa5981329/curricula responded 204 in 0.0717 ms
2026-06-05 21:57:04.597 +01:00 [INF] HTTP OPTIONS /api/admin/programs/e13b9ea9-ba91-45db-9bc2-70133c829aa5/curricula responded 204 in 0.0758 ms
2026-06-05 21:57:04.613 +01:00 [INF] HTTP OPTIONS /api/admin/programs/45988548-aba0-4b94-913b-74969f3d21ab/curricula responded 204 in 0.0653 ms
2026-06-05 21:57:04.822 +01:00 [INF] HTTP OPTIONS /api/admin/programs/0a8251a0-209b-4d41-b5ad-71aed98409c1/curricula responded 204 in 0.0813 ms
2026-06-05 21:57:04.823 +01:00 [INF] HTTP OPTIONS /api/admin/programs/29ea2c20-f547-4271-968d-8780338b905f/curricula responded 204 in 0.1440 ms
2026-06-05 21:57:04.828 +01:00 [INF] HTTP OPTIONS /api/admin/programs/20ca85f1-4ab2-48c2-9c85-93f1b4a8df4b/curricula responded 204 in 0.0808 ms
2026-06-05 21:57:04.829 +01:00 [INF] HTTP OPTIONS /api/admin/programs/1af8d542-0126-452f-bba8-a07d350c70f8/curricula responded 204 in 1.0092 ms
2026-06-05 21:57:04.831 +01:00 [INF] HTTP OPTIONS /api/admin/programs/0d294b99-1e57-40dc-b358-a664839ce15c/curricula responded 204 in 0.0805 ms
2026-06-05 21:57:04.892 +01:00 [INF] HTTP GET /api/admin/programs/7fc5b1d3-4458-4223-afbf-5fe041bc9d7e/curricula responded 200 in 57.4605 ms
2026-06-05 21:57:04.892 +01:00 [INF] HTTP GET /api/admin/programs/71a146f4-f6e8-4578-a124-275e734319c8/curricula responded 200 in 296.7339 ms
2026-06-05 21:57:04.892 +01:00 [INF] HTTP GET /api/admin/programs/475591a4-c4f6-4599-a55b-0a6ef849a98b/curricula responded 200 in 322.2540 ms
2026-06-05 21:57:04.900 +01:00 [INF] HTTP OPTIONS /api/admin/programs/d8411d65-18fe-4cc7-8f18-ae217db683ae/curricula responded 204 in 0.1007 ms
2026-06-05 21:57:04.900 +01:00 [INF] HTTP OPTIONS /api/admin/programs/13677c23-78a3-460c-bead-b92a70c7c787/curricula responded 204 in 0.0580 ms
2026-06-05 21:57:04.915 +01:00 [INF] HTTP OPTIONS /api/admin/programs/7bc4017a-de77-4592-969c-d0d4a2840a9e/curricula responded 204 in 0.0872 ms
2026-06-05 21:57:04.912 +01:00 [INF] HTTP OPTIONS /api/admin/programs/7b186fb6-a4b3-4e41-aa39-c0571002ba56/curricula responded 204 in 0.1079 ms
2026-06-05 21:57:04.923 +01:00 [INF] HTTP OPTIONS /api/admin/programs/f815eaee-d6c3-4f1e-b51c-d748e4cd114f/curricula responded 204 in 0.1033 ms
2026-06-05 21:57:04.928 +01:00 [INF] HTTP OPTIONS /api/admin/programs/a52a0c46-ec28-48f6-bbdf-d8ef5b1b774e/curricula responded 204 in 0.2456 ms
2026-06-05 21:57:04.929 +01:00 [INF] HTTP OPTIONS /api/admin/programs/81d6696f-a07a-437e-b915-eced29e0815f/curricula responded 204 in 0.0521 ms
2026-06-05 21:57:04.935 +01:00 [INF] HTTP OPTIONS /api/admin/programs/25dde173-e123-404e-9154-f4848a538657/curricula responded 204 in 0.1198 ms
2026-06-05 21:57:04.970 +01:00 [INF] HTTP GET /api/admin/programs/7445022a-dfc6-44e8-b1e0-156bc6bbc0af/curricula responded 200 in 372.3810 ms
2026-06-05 21:57:04.999 +01:00 [INF] HTTP GET /api/admin/programs/691be182-dd8d-4cbc-808a-2ab62c0e47a1/curricula responded 200 in 399.6753 ms
2026-06-05 21:57:05.028 +01:00 [INF] HTTP GET /api/admin/programs/c4c45cd9-4abe-4e9a-8b34-517593f388d8/curricula responded 200 in 89.6136 ms
2026-06-05 21:57:05.028 +01:00 [INF] HTTP GET /api/admin/programs/8dce9db2-7f5a-494a-b782-3e6e7c6f5706/curricula responded 200 in 112.8254 ms
2026-06-05 21:57:05.067 +01:00 [INF] HTTP GET /api/admin/programs/4744a374-4f36-49c8-a82e-6f2aa5981329/curricula responded 200 in 92.0869 ms
2026-06-05 21:57:05.081 +01:00 [INF] HTTP GET /api/admin/programs/4c19e489-01a8-4471-8657-32bba084329c/curricula responded 200 in 245.1799 ms
2026-06-05 21:57:05.082 +01:00 [INF] HTTP GET /api/admin/programs/e13b9ea9-ba91-45db-9bc2-70133c829aa5/curricula responded 200 in 77.0362 ms
2026-06-05 21:57:05.101 +01:00 [INF] HTTP GET /api/admin/programs/45988548-aba0-4b94-913b-74969f3d21ab/curricula responded 200 in 68.0424 ms
2026-06-05 21:57:05.112 +01:00 [INF] HTTP GET /api/admin/programs/0a8251a0-209b-4d41-b5ad-71aed98409c1/curricula responded 200 in 78.7110 ms
2026-06-05 21:57:05.134 +01:00 [INF] HTTP GET /api/admin/programs/29ea2c20-f547-4271-968d-8780338b905f/curricula responded 200 in 62.6458 ms
2026-06-05 21:57:05.157 +01:00 [INF] HTTP GET /api/admin/programs/20ca85f1-4ab2-48c2-9c85-93f1b4a8df4b/curricula responded 200 in 69.5981 ms
2026-06-05 21:57:05.175 +01:00 [INF] HTTP GET /api/admin/programs/1af8d542-0126-452f-bba8-a07d350c70f8/curricula responded 200 in 87.4744 ms
2026-06-05 21:57:05.185 +01:00 [INF] HTTP GET /api/admin/programs/5d83aeb2-a091-449d-967a-2f47fdb5ec19/curricula responded 200 in 243.5148 ms
2026-06-05 21:57:05.194 +01:00 [INF] HTTP GET /api/admin/programs/0d294b99-1e57-40dc-b358-a664839ce15c/curricula responded 200 in 87.7865 ms
2026-06-05 21:57:05.203 +01:00 [INF] HTTP GET /api/admin/programs/d8411d65-18fe-4cc7-8f18-ae217db683ae/curricula responded 200 in 83.2222 ms
2026-06-05 21:57:05.227 +01:00 [INF] HTTP GET /api/admin/programs/13677c23-78a3-460c-bead-b92a70c7c787/curricula responded 200 in 85.5782 ms
2026-06-05 21:57:05.238 +01:00 [INF] HTTP GET /api/admin/programs/7bc4017a-de77-4592-969c-d0d4a2840a9e/curricula responded 200 in 73.7975 ms
2026-06-05 21:57:05.247 +01:00 [INF] HTTP GET /api/admin/programs/f815eaee-d6c3-4f1e-b51c-d748e4cd114f/curricula responded 200 in 69.5100 ms
2026-06-05 21:57:05.259 +01:00 [INF] HTTP GET /api/admin/programs/7b186fb6-a4b3-4e41-aa39-c0571002ba56/curricula responded 200 in 69.4327 ms
2026-06-05 21:57:05.266 +01:00 [INF] HTTP GET /api/admin/programs/a52a0c46-ec28-48f6-bbdf-d8ef5b1b774e/curricula responded 200 in 69.5923 ms
2026-06-05 21:57:05.272 +01:00 [INF] HTTP GET /api/admin/programs/81d6696f-a07a-437e-b915-eced29e0815f/curricula responded 200 in 66.8236 ms
2026-06-05 21:57:05.282 +01:00 [INF] HTTP GET /api/admin/programs/25dde173-e123-404e-9154-f4848a538657/curricula responded 200 in 51.0684 ms
2026-06-05 21:57:13.460 +01:00 [INF] HTTP OPTIONS /api/admin/faculties responded 204 in 0.1882 ms
2026-06-05 21:57:13.460 +01:00 [INF] HTTP OPTIONS /api/admin/programs responded 204 in 0.4825 ms
2026-06-05 21:57:13.465 +01:00 [INF] HTTP OPTIONS /api/admin/departments responded 204 in 0.5353 ms
2026-06-05 21:57:13.530 +01:00 [INF] HTTP GET /api/admin/faculties responded 200 in 63.8035 ms
2026-06-05 21:57:13.555 +01:00 [INF] HTTP GET /api/admin/programs responded 200 in 88.9547 ms
2026-06-05 21:57:13.574 +01:00 [INF] HTTP GET /api/admin/departments responded 200 in 104.4592 ms
2026-06-05 21:57:40.587 +01:00 [INF] HTTP OPTIONS /api/admin/programs responded 204 in 0.0783 ms
2026-06-05 21:57:40.696 +01:00 [INF] HTTP GET /api/admin/programs responded 200 in 93.7375 ms
2026-06-05 21:57:40.701 +01:00 [INF] HTTP OPTIONS /api/admin/programs/475591a4-c4f6-4599-a55b-0a6ef849a98b/curricula responded 204 in 0.0615 ms
2026-06-05 21:57:40.704 +01:00 [INF] HTTP OPTIONS /api/admin/programs/7445022a-dfc6-44e8-b1e0-156bc6bbc0af/curricula responded 204 in 0.0380 ms
2026-06-05 21:57:40.704 +01:00 [INF] HTTP OPTIONS /api/admin/programs/691be182-dd8d-4cbc-808a-2ab62c0e47a1/curricula responded 204 in 0.0135 ms
2026-06-05 21:57:40.704 +01:00 [INF] HTTP OPTIONS /api/admin/programs/71a146f4-f6e8-4578-a124-275e734319c8/curricula responded 204 in 0.0270 ms
2026-06-05 21:57:40.713 +01:00 [INF] HTTP OPTIONS /api/admin/programs/5d83aeb2-a091-449d-967a-2f47fdb5ec19/curricula responded 204 in 0.0359 ms
2026-06-05 21:57:40.714 +01:00 [INF] HTTP OPTIONS /api/admin/programs/4c19e489-01a8-4471-8657-32bba084329c/curricula responded 204 in 0.0838 ms
2026-06-05 21:57:40.714 +01:00 [INF] HTTP OPTIONS /api/admin/programs/8dce9db2-7f5a-494a-b782-3e6e7c6f5706/curricula responded 204 in 0.0127 ms
2026-06-05 21:57:40.720 +01:00 [INF] HTTP OPTIONS /api/admin/programs/c4c45cd9-4abe-4e9a-8b34-517593f388d8/curricula responded 204 in 0.0338 ms
2026-06-05 21:57:40.726 +01:00 [INF] HTTP OPTIONS /api/admin/programs/7fc5b1d3-4458-4223-afbf-5fe041bc9d7e/curricula responded 204 in 0.1096 ms
2026-06-05 21:57:40.731 +01:00 [INF] HTTP OPTIONS /api/admin/programs/4744a374-4f36-49c8-a82e-6f2aa5981329/curricula responded 204 in 0.0327 ms
2026-06-05 21:57:40.733 +01:00 [INF] HTTP OPTIONS /api/admin/programs/e13b9ea9-ba91-45db-9bc2-70133c829aa5/curricula responded 204 in 0.0324 ms
2026-06-05 21:57:40.733 +01:00 [INF] HTTP OPTIONS /api/admin/programs/0a8251a0-209b-4d41-b5ad-71aed98409c1/curricula responded 204 in 0.0700 ms
2026-06-05 21:57:40.733 +01:00 [INF] HTTP OPTIONS /api/admin/programs/45988548-aba0-4b94-913b-74969f3d21ab/curricula responded 204 in 0.0323 ms
2026-06-05 21:57:40.762 +01:00 [INF] HTTP OPTIONS /api/admin/programs/29ea2c20-f547-4271-968d-8780338b905f/curricula responded 204 in 0.0463 ms
2026-06-05 21:57:40.766 +01:00 [INF] HTTP OPTIONS /api/admin/programs/20ca85f1-4ab2-48c2-9c85-93f1b4a8df4b/curricula responded 204 in 0.0682 ms
2026-06-05 21:57:40.766 +01:00 [INF] HTTP OPTIONS /api/admin/programs/1af8d542-0126-452f-bba8-a07d350c70f8/curricula responded 204 in 0.0111 ms
2026-06-05 21:57:40.774 +01:00 [INF] HTTP OPTIONS /api/admin/programs/0d294b99-1e57-40dc-b358-a664839ce15c/curricula responded 204 in 0.0613 ms
2026-06-05 21:57:40.774 +01:00 [INF] HTTP OPTIONS /api/admin/programs/d8411d65-18fe-4cc7-8f18-ae217db683ae/curricula responded 204 in 0.0518 ms
2026-06-05 21:57:40.780 +01:00 [INF] HTTP OPTIONS /api/admin/programs/13677c23-78a3-460c-bead-b92a70c7c787/curricula responded 204 in 0.0446 ms
2026-06-05 21:57:40.780 +01:00 [INF] HTTP OPTIONS /api/admin/programs/7b186fb6-a4b3-4e41-aa39-c0571002ba56/curricula responded 204 in 0.0133 ms
2026-06-05 21:57:40.785 +01:00 [INF] HTTP OPTIONS /api/admin/programs/7bc4017a-de77-4592-969c-d0d4a2840a9e/curricula responded 204 in 0.0326 ms
2026-06-05 21:57:40.800 +01:00 [INF] HTTP OPTIONS /api/admin/programs/f815eaee-d6c3-4f1e-b51c-d748e4cd114f/curricula responded 204 in 0.0539 ms
2026-06-05 21:57:40.804 +01:00 [INF] HTTP OPTIONS /api/admin/programs/a52a0c46-ec28-48f6-bbdf-d8ef5b1b774e/curricula responded 204 in 0.0451 ms
2026-06-05 21:57:40.806 +01:00 [INF] HTTP OPTIONS /api/admin/programs/81d6696f-a07a-437e-b915-eced29e0815f/curricula responded 204 in 0.0302 ms
2026-06-05 21:57:40.818 +01:00 [INF] HTTP OPTIONS /api/admin/programs/25dde173-e123-404e-9154-f4848a538657/curricula responded 204 in 0.0640 ms
2026-06-05 21:57:40.849 +01:00 [INF] HTTP GET /api/admin/programs/71a146f4-f6e8-4578-a124-275e734319c8/curricula responded 200 in 113.2940 ms
2026-06-05 21:57:40.858 +01:00 [INF] HTTP GET /api/admin/programs/7445022a-dfc6-44e8-b1e0-156bc6bbc0af/curricula responded 200 in 142.7263 ms
2026-06-05 21:57:40.860 +01:00 [INF] HTTP GET /api/admin/programs/475591a4-c4f6-4599-a55b-0a6ef849a98b/curricula responded 200 in 155.5685 ms
2026-06-05 21:57:40.883 +01:00 [INF] HTTP GET /api/admin/programs/691be182-dd8d-4cbc-808a-2ab62c0e47a1/curricula responded 200 in 161.8399 ms
2026-06-05 21:57:40.924 +01:00 [INF] HTTP GET /api/admin/programs/8dce9db2-7f5a-494a-b782-3e6e7c6f5706/curricula responded 200 in 104.0145 ms
2026-06-05 21:57:40.952 +01:00 [INF] HTTP GET /api/admin/programs/5d83aeb2-a091-449d-967a-2f47fdb5ec19/curricula responded 200 in 167.2127 ms
2026-06-05 21:57:41.035 +01:00 [INF] HTTP GET /api/admin/programs/c4c45cd9-4abe-4e9a-8b34-517593f388d8/curricula responded 200 in 183.4390 ms
2026-06-05 21:57:41.089 +01:00 [INF] HTTP GET /api/admin/programs/7fc5b1d3-4458-4223-afbf-5fe041bc9d7e/curricula responded 200 in 223.8945 ms
2026-06-05 21:57:41.145 +01:00 [INF] HTTP GET /api/admin/programs/4c19e489-01a8-4471-8657-32bba084329c/curricula responded 200 in 280.5329 ms
2026-06-05 21:57:41.280 +01:00 [INF] HTTP GET /api/admin/programs/4744a374-4f36-49c8-a82e-6f2aa5981329/curricula responded 200 in 396.2028 ms
2026-06-05 21:57:41.371 +01:00 [INF] HTTP GET /api/admin/programs/e13b9ea9-ba91-45db-9bc2-70133c829aa5/curricula responded 200 in 416.0237 ms
2026-06-05 21:57:41.438 +01:00 [INF] HTTP GET /api/admin/programs/0a8251a0-209b-4d41-b5ad-71aed98409c1/curricula responded 200 in 510.6693 ms
2026-06-05 21:57:41.578 +01:00 [INF] HTTP GET /api/admin/programs/45988548-aba0-4b94-913b-74969f3d21ab/curricula responded 200 in 540.6457 ms
2026-06-05 21:57:41.623 +01:00 [INF] HTTP GET /api/admin/programs/29ea2c20-f547-4271-968d-8780338b905f/curricula responded 200 in 531.0198 ms
2026-06-05 21:57:41.733 +01:00 [INF] HTTP GET /api/admin/programs/20ca85f1-4ab2-48c2-9c85-93f1b4a8df4b/curricula responded 200 in 585.8665 ms
2026-06-05 21:57:41.835 +01:00 [INF] HTTP GET /api/admin/programs/1af8d542-0126-452f-bba8-a07d350c70f8/curricula responded 200 in 543.9741 ms
2026-06-05 21:57:41.970 +01:00 [INF] HTTP GET /api/admin/programs/d8411d65-18fe-4cc7-8f18-ae217db683ae/curricula responded 200 in 595.4698 ms
2026-06-05 21:57:42.066 +01:00 [INF] HTTP GET /api/admin/programs/0d294b99-1e57-40dc-b358-a664839ce15c/curricula responded 200 in 626.3750 ms
2026-06-05 21:57:42.122 +01:00 [INF] HTTP GET /api/admin/programs/13677c23-78a3-460c-bead-b92a70c7c787/curricula responded 200 in 533.3678 ms
2026-06-05 21:57:42.245 +01:00 [INF] HTTP GET /api/admin/programs/7b186fb6-a4b3-4e41-aa39-c0571002ba56/curricula responded 200 in 615.7921 ms
2026-06-05 21:57:42.299 +01:00 [INF] HTTP GET /api/admin/programs/7bc4017a-de77-4592-969c-d0d4a2840a9e/curricula responded 200 in 551.7072 ms
2026-06-05 21:57:42.379 +01:00 [INF] HTTP GET /api/admin/programs/f815eaee-d6c3-4f1e-b51c-d748e4cd114f/curricula responded 200 in 531.1842 ms
2026-06-05 21:57:42.436 +01:00 [INF] HTTP GET /api/admin/programs/a52a0c46-ec28-48f6-bbdf-d8ef5b1b774e/curricula responded 200 in 446.0999 ms
2026-06-05 21:57:42.505 +01:00 [INF] HTTP GET /api/admin/programs/81d6696f-a07a-437e-b915-eced29e0815f/curricula responded 200 in 417.7106 ms
2026-06-05 21:57:42.565 +01:00 [INF] HTTP GET /api/admin/programs/25dde173-e123-404e-9154-f4848a538657/curricula responded 200 in 432.0130 ms
2026-06-05 21:57:48.075 +01:00 [INF] HTTP OPTIONS /api/admin/faculties responded 204 in 0.0781 ms
2026-06-05 21:57:48.116 +01:00 [INF] HTTP GET /api/admin/faculties responded 200 in 34.8674 ms
2026-06-05 21:57:51.217 +01:00 [INF] HTTP OPTIONS /api/admin/courses responded 204 in 0.0389 ms
2026-06-05 21:57:51.218 +01:00 [INF] HTTP OPTIONS /api/admin/programs responded 204 in 0.0192 ms
2026-06-05 21:57:51.221 +01:00 [INF] HTTP OPTIONS /api/admin/lecturers responded 204 in 0.0817 ms
2026-06-05 21:57:51.222 +01:00 [INF] HTTP OPTIONS /api/admin/sessions responded 204 in 0.0155 ms
2026-06-05 21:57:51.299 +01:00 [INF] HTTP GET /api/admin/sessions responded 200 in 65.9615 ms
2026-06-05 21:57:51.316 +01:00 [INF] HTTP GET /api/admin/programs responded 200 in 90.7658 ms
2026-06-05 21:57:51.346 +01:00 [INF] HTTP GET /api/admin/lecturers responded 200 in 112.6713 ms
2026-06-05 21:57:51.402 +01:00 [ERR] Failed executing DbCommand (15ms) [Parameters=[], CommandType='"Text"', CommandTimeout='30']
SELECT [c].[Id], [c].[AcademicLevelId], [c].[AcademicProgramId], [c].[Code], [c].[CreditUnits], [c].[Description], [c].[IsActive], [c].[LectureHours], [c].[PracticalHours], [c].[Title], [s].[Id], [s].[AcademicSessionId], [s].[CourseId], [s].[CurriculumId], [s].[LecturerId], [s].[LevelId], [s].[ProgramId], [s].[Semester], [s].[Id0], [s].[Code], [s].[DegreeAwarded], [s].[DepartmentId], [s].[Description], [s].[DurationYears], [s].[IsActive], [s].[MaxAdmissions], [s].[MinJambScore], [s].[Name], [s].[RequiredJambSubjectsJson], [s].[RequiredOLevelSubjectsJson], [s].[Type], [s].[Id1], [s].[Name0], [s].[Order], [s].[ProgramId0], [s].[Id2], [s].[EndDate], [s].[IsActive0], [s].[IsAdmissionOpen], [s].[Name1], [s].[StartDate], [s].[Id3], [s].[CreatedUtc], [s].[DisplayName], [s].[Email], [s].[EntraObjectId], [s].[IsActive1], [s].[PasswordHash], [s].[UpdatedUtc], [s].[Username]
FROM [Courses] AS [c]
LEFT JOIN (
    SELECT [c0].[Id], [c0].[AcademicSessionId], [c0].[CourseId], [c0].[CurriculumId], [c0].[LecturerId], [c0].[LevelId], [c0].[ProgramId], [c0].[Semester], [p].[Id] AS [Id0], [p].[Code], [p].[DegreeAwarded], [p].[DepartmentId], [p].[Description], [p].[DurationYears], [p].[IsActive], [p].[MaxAdmissions], [p].[MinJambScore], [p].[Name], [p].[RequiredJambSubjectsJson], [p].[RequiredOLevelSubjectsJson], [p].[Type], [l].[Id] AS [Id1], [l].[Name] AS [Name0], [l].[Order], [l].[ProgramId] AS [ProgramId0], [a].[Id] AS [Id2], [a].[EndDate], [a].[IsActive] AS [IsActive0], [a].[IsAdmissionOpen], [a].[Name] AS [Name1], [a].[StartDate], [u].[Id] AS [Id3], [u].[CreatedUtc], [u].[DisplayName], [u].[Email], [u].[EntraObjectId], [u].[IsActive] AS [IsActive1], [u].[PasswordHash], [u].[UpdatedUtc], [u].[Username]
    FROM [CourseOfferings] AS [c0]
    INNER JOIN [Programs] AS [p] ON [c0].[ProgramId] = [p].[Id]
    INNER JOIN [Levels] AS [l] ON [c0].[LevelId] = [l].[Id]
    INNER JOIN [AcademicSessions] AS [a] ON [c0].[AcademicSessionId] = [a].[Id]
    LEFT JOIN [Users] AS [u] ON [c0].[LecturerId] = [u].[Id]
) AS [s] ON [c].[Id] = [s].[CourseId]
ORDER BY [c].[Code], [c].[Id], [s].[Id], [s].[Id0], [s].[Id1], [s].[Id2]
2026-06-05 21:57:51.441 +01:00 [ERR] An exception occurred while iterating over the results of a query for context type 'LMS.Api.Data.LmsDbContext'.
Microsoft.Data.SqlClient.SqlException (0x80131904): Invalid column name 'CurriculumId'.
   at System.Threading.Tasks.ContinuationResultTaskFromResultTask`2.InnerInvoke()
   at System.Threading.ExecutionContext.RunInternal(ExecutionContext executionContext, ContextCallback callback, Object state)
--- End of stack trace from previous location ---
   at System.Threading.ExecutionContext.RunInternal(ExecutionContext executionContext, ContextCallback callback, Object state)
   at System.Threading.Tasks.Task.ExecuteWithThreadLocal(Task& currentTaskSlot, Thread threadPoolThread)
--- End of stack trace from previous location ---
   at Microsoft.EntityFrameworkCore.Storage.RelationalCommand.ExecuteReaderAsync(RelationalCommandParameterObject parameterObject, CancellationToken cancellationToken)
   at Microsoft.EntityFrameworkCore.Storage.RelationalCommand.ExecuteReaderAsync(RelationalCommandParameterObject parameterObject, CancellationToken cancellationToken)
   at Microsoft.EntityFrameworkCore.Query.Internal.SingleQueryingEnumerable`1.AsyncEnumerator.InitializeReaderAsync(AsyncEnumerator enumerator, CancellationToken cancellationToken)
   at Microsoft.EntityFrameworkCore.Storage.ExecutionStrategy.<>c__DisplayClass30_0`2.<<ExecuteAsync>b__0>d.MoveNext()
--- End of stack trace from previous location ---
   at Microsoft.EntityFrameworkCore.Storage.ExecutionStrategy.ExecuteImplementationAsync[TState,TResult](Func`4 operation, Func`4 verifySucceeded, TState state, CancellationToken cancellationToken)
   at Microsoft.EntityFrameworkCore.Storage.ExecutionStrategy.ExecuteImplementationAsync[TState,TResult](Func`4 operation, Func`4 verifySucceeded, TState state, CancellationToken cancellationToken)
   at Microsoft.EntityFrameworkCore.Storage.ExecutionStrategy.ExecuteAsync[TState,TResult](TState state, Func`4 operation, Func`4 verifySucceeded, CancellationToken cancellationToken)
   at Microsoft.EntityFrameworkCore.Query.Internal.SingleQueryingEnumerable`1.AsyncEnumerator.MoveNextAsync()
ClientConnectionId:69cc6e1d-2e18-46f7-a081-c1e13a9bf628
Error Number:207,State:1,Class:16
Microsoft.Data.SqlClient.SqlException (0x80131904): Invalid column name 'CurriculumId'.
   at System.Threading.Tasks.ContinuationResultTaskFromResultTask`2.InnerInvoke()
   at System.Threading.ExecutionContext.RunInternal(ExecutionContext executionContext, ContextCallback callback, Object state)
--- End of stack trace from previous location ---
   at System.Threading.ExecutionContext.RunInternal(ExecutionContext executionContext, ContextCallback callback, Object state)
   at System.Threading.Tasks.Task.ExecuteWithThreadLocal(Task& currentTaskSlot, Thread threadPoolThread)
--- End of stack trace from previous location ---
   at Microsoft.EntityFrameworkCore.Storage.RelationalCommand.ExecuteReaderAsync(RelationalCommandParameterObject parameterObject, CancellationToken cancellationToken)
   at Microsoft.EntityFrameworkCore.Storage.RelationalCommand.ExecuteReaderAsync(RelationalCommandParameterObject parameterObject, CancellationToken cancellationToken)
   at Microsoft.EntityFrameworkCore.Query.Internal.SingleQueryingEnumerable`1.AsyncEnumerator.InitializeReaderAsync(AsyncEnumerator enumerator, CancellationToken cancellationToken)
   at Microsoft.EntityFrameworkCore.Storage.ExecutionStrategy.<>c__DisplayClass30_0`2.<<ExecuteAsync>b__0>d.MoveNext()
--- End of stack trace from previous location ---
   at Microsoft.EntityFrameworkCore.Storage.ExecutionStrategy.ExecuteImplementationAsync[TState,TResult](Func`4 operation, Func`4 verifySucceeded, TState state, CancellationToken cancellationToken)
   at Microsoft.EntityFrameworkCore.Storage.ExecutionStrategy.ExecuteImplementationAsync[TState,TResult](Func`4 operation, Func`4 verifySucceeded, TState state, CancellationToken cancellationToken)
   at Microsoft.EntityFrameworkCore.Storage.ExecutionStrategy.ExecuteAsync[TState,TResult](TState state, Func`4 operation, Func`4 verifySucceeded, CancellationToken cancellationToken)
   at Microsoft.EntityFrameworkCore.Query.Internal.SingleQueryingEnumerable`1.AsyncEnumerator.MoveNextAsync()
ClientConnectionId:69cc6e1d-2e18-46f7-a081-c1e13a9bf628
Error Number:207,State:1,Class:16
2026-06-05 21:57:51.459 +01:00 [ERR] An unhandled exception has occurred while executing the request.
Microsoft.Data.SqlClient.SqlException (0x80131904): Invalid column name 'CurriculumId'.
   at System.Threading.Tasks.ContinuationResultTaskFromResultTask`2.InnerInvoke()
   at System.Threading.ExecutionContext.RunInternal(ExecutionContext executionContext, ContextCallback callback, Object state)
--- End of stack trace from previous location ---
   at System.Threading.ExecutionContext.RunInternal(ExecutionContext executionContext, ContextCallback callback, Object state)
   at System.Threading.Tasks.Task.ExecuteWithThreadLocal(Task& currentTaskSlot, Thread threadPoolThread)
--- End of stack trace from previous location ---
   at Microsoft.EntityFrameworkCore.Storage.RelationalCommand.ExecuteReaderAsync(RelationalCommandParameterObject parameterObject, CancellationToken cancellationToken)
   at Microsoft.EntityFrameworkCore.Storage.RelationalCommand.ExecuteReaderAsync(RelationalCommandParameterObject parameterObject, CancellationToken cancellationToken)
   at Microsoft.EntityFrameworkCore.Query.Internal.SingleQueryingEnumerable`1.AsyncEnumerator.InitializeReaderAsync(AsyncEnumerator enumerator, CancellationToken cancellationToken)
   at Microsoft.EntityFrameworkCore.Storage.ExecutionStrategy.<>c__DisplayClass30_0`2.<<ExecuteAsync>b__0>d.MoveNext()
--- End of stack trace from previous location ---
   at Microsoft.EntityFrameworkCore.Storage.ExecutionStrategy.ExecuteImplementationAsync[TState,TResult](Func`4 operation, Func`4 verifySucceeded, TState state, CancellationToken cancellationToken)
   at Microsoft.EntityFrameworkCore.Storage.ExecutionStrategy.ExecuteImplementationAsync[TState,TResult](Func`4 operation, Func`4 verifySucceeded, TState state, CancellationToken cancellationToken)
   at Microsoft.EntityFrameworkCore.Storage.ExecutionStrategy.ExecuteAsync[TState,TResult](TState state, Func`4 operation, Func`4 verifySucceeded, CancellationToken cancellationToken)
   at Microsoft.EntityFrameworkCore.Query.Internal.SingleQueryingEnumerable`1.AsyncEnumerator.MoveNextAsync()
   at Microsoft.EntityFrameworkCore.EntityFrameworkQueryableExtensions.ToListAsync[TSource](IQueryable`1 source, CancellationToken cancellationToken)
   at Microsoft.EntityFrameworkCore.EntityFrameworkQueryableExtensions.ToListAsync[TSource](IQueryable`1 source, CancellationToken cancellationToken)
   at LMS.Api.Services.CourseService.GetAllAsync(CancellationToken ct)
   at LMS.Api.Endpoints.Admin.Courses.ListCoursesEndpoint.HandleAsync(EmptyRequest req, CancellationToken ct)
   at FastEndpoints.Endpoint`2.ExecAsync(CancellationToken ct)
   at FastEndpoints.Endpoint`2.ExecAsync(CancellationToken ct)
   at Microsoft.AspNetCore.Authorization.AuthorizationMiddleware.Invoke(HttpContext context)
   at LMS.Api.Security.UserProvisioningMiddleware.InvokeAsync(HttpContext context, LmsDbContext dbContext, IConfiguration configuration)
   at LMS.Api.Security.ApiReplayPreventionMiddleware.InvokeAsync(HttpContext context)
   at Microsoft.AspNetCore.Authentication.AuthenticationMiddleware.Invoke(HttpContext context)
   at Microsoft.AspNetCore.Diagnostics.StatusCodePagesMiddleware.Invoke(HttpContext context)
   at Microsoft.AspNetCore.Diagnostics.ExceptionHandlerMiddlewareImpl.<Invoke>g__Awaited|10_0(ExceptionHandlerMiddlewareImpl middleware, HttpContext context, Task task)
ClientConnectionId:69cc6e1d-2e18-46f7-a081-c1e13a9bf628
Error Number:207,State:1,Class:16
2026-06-05 21:57:51.471 +01:00 [ERR] HTTP GET /api/admin/courses responded 500 in 248.2141 ms
2026-06-05 21:58:59.132 +01:00 [INF] HTTP OPTIONS /api/registry/stats responded 204 in 0.0995 ms
2026-06-05 21:59:00.133 +01:00 [INF] HTTP GET /api/registry/stats responded 200 in 978.0768 ms
2026-06-05 21:59:02.099 +01:00 [INF] HTTP OPTIONS /api/admin/sessions responded 204 in 0.0382 ms
2026-06-05 21:59:02.196 +01:00 [INF] HTTP GET /api/admin/sessions responded 200 in 88.6431 ms
2026-06-05 21:59:31.690 +01:00 [INF] HTTP OPTIONS /api/bulk-operations/students/import responded 204 in 1.0621 ms
2026-06-05 21:59:32.837 +01:00 [ERR] HTTP POST /api/bulk-operations/students/import responded 500 in 1080.5102 ms
2026-06-05 22:15:58.986 +01:00 [INF] Application is shutting down...
